******************************************************************************
                  TI ARM Linker Unix v20.2.5                   
******************************************************************************
>> Linked Sat Oct 26 17:34:08 2024

OUTPUT FILE NAME:   <empty_CC2650STK_TI_1.out>
ENTRY POINT SYMBOL: "ResetISR"  address: 00007a91


MEMORY CONFIGURATION

         name            origin    length      used     unused   attr    fill
----------------------  --------  ---------  --------  --------  ----  --------
  FLASH                 00000000   00020000  000094ea  00016b16  R  X
  SRAM                  20000000   00005000  00002d09  000022f7  RW X


SEGMENT ALLOCATION MAP

run origin  load origin   length   init length attrs members
----------  ----------- ---------- ----------- ----- -------
00000000    00000000    0000003c   0000003c    r--
  00000000    00000000    0000003c   0000003c    r-- .resetVecs
00000100    00000100    00009468   00009468    r-x
  00000100    00000100    0000003c   0000003c    r-- .const:ti_sysbios_knl_Task_Object__PARAMS__C
  0000013c    0000013c    00000034   00000034    r-- .const:ti_sysbios_knl_Mailbox_Object__PARAMS__C
  00000170    00000170    00000030   00000030    r-- .const:ti_sysbios_family_arm_m3_Hwi_Object__PARAMS__C
  000001a0    000001a0    0000002c   0000002c    r-- .const:ti_sysbios_hal_Hwi_Object__PARAMS__C
  000001cc    000001cc    00000028   00000028    r-- .const:ti_sysbios_heaps_HeapMem_Module__FXNS__C
  000001f4    000001f4    00000028   00000028    r-- .const:ti_sysbios_knl_Swi_Object__PARAMS__C
  0000021c    0000021c    00000024   00000024    r-- .const:ti_sysbios_gates_GateHwi_Module__FXNS__C
  00000240    00000240    00000024   00000024    r-- .const:ti_sysbios_gates_GateMutex_Module__FXNS__C
  00000264    00000264    00000024   00000024    r-- .const:ti_sysbios_heaps_HeapMem_Object__PARAMS__C
  00000288    00000288    00000024   00000024    r-- .const:ti_sysbios_knl_Clock_Object__PARAMS__C
  000002ac    000002ac    00000024   00000024    r-- .const:ti_sysbios_knl_Semaphore_Object__PARAMS__C
  000002d0    000002d0    00000020   00000020    r-- .const:ti_sysbios_family_arm_m3_Hwi_Object__DESC__C
  000002f0    000002f0    00000020   00000020    r-- .const:ti_sysbios_gates_GateHwi_Object__DESC__C
  00000310    00000310    00000020   00000020    r-- .const:ti_sysbios_gates_GateMutex_Object__DESC__C
  00000330    00000330    00000020   00000020    r-- .const:ti_sysbios_hal_Hwi_Object__DESC__C
  00000350    00000350    00000020   00000020    r-- .const:ti_sysbios_heaps_HeapMem_Object__DESC__C
  00000370    00000370    00000020   00000020    r-- .const:ti_sysbios_knl_Clock_Object__DESC__C
  00000390    00000390    00000020   00000020    r-- .const:ti_sysbios_knl_Mailbox_Object__DESC__C
  000003b0    000003b0    00000020   00000020    r-- .const:ti_sysbios_knl_Queue_Object__DESC__C
  000003d0    000003d0    00000020   00000020    r-- .const:ti_sysbios_knl_Semaphore_Object__DESC__C
  000003f0    000003f0    00000020   00000020    r-- .const:ti_sysbios_knl_Swi_Object__DESC__C
  00000410    00000410    00000020   00000020    r-- .const:ti_sysbios_knl_Task_Object__DESC__C
  00000430    00000430    00000018   00000018    r-- .const:ti_sysbios_gates_GateHwi_Object__PARAMS__C
  00000448    00000448    00000018   00000018    r-- .const:ti_sysbios_gates_GateMutex_Object__PARAMS__C
  00000460    00000460    00000018   00000018    r-- .const:ti_sysbios_knl_Queue_Object__PARAMS__C
  00000478    00000478    00000008   00000008    r-- .const:ti_sysbios_knl_Idle_funcList__C
  00000484    00000484    00000004   00000004    r-- .const:ti_sysbios_family_arm_cc26xx_Timer_startupNeeded__C
  00000488    00000488    00000004   00000004    r-- .const:ti_sysbios_family_arm_m3_Hwi_E_alreadyDefined__C
  0000048c    0000048c    00000004   00000004    r-- .const:ti_sysbios_family_arm_m3_Hwi_E_hwiLimitExceeded__C
  00000490    00000490    00000004   00000004    r-- .const:ti_sysbios_family_arm_m3_Hwi_NUM_INTERRUPTS__C
  00000494    00000494    00000004   00000004    r-- .const:ti_sysbios_family_arm_m3_Hwi_Object__count__C
  00000498    00000498    00000004   00000004    r-- .const:ti_sysbios_family_arm_m3_Hwi_Object__table__C
  0000049c    0000049c    00000004   00000004    r-- .const:ti_sysbios_family_arm_m3_Hwi_ccr__C
  000004a0    000004a0    00000004   00000004    r-- .const:ti_sysbios_family_arm_m3_Hwi_excHandlerFunc__C
  000004a4    000004a4    00000004   00000004    r-- .const:ti_sysbios_family_arm_m3_Hwi_nullIsrFunc__C
  000004a8    000004a8    00000004   00000004    r-- .const:ti_sysbios_family_arm_m3_Hwi_numSparseInterrupts__C
  000004ac    000004ac    00000004   00000004    r-- .const:ti_sysbios_family_arm_m3_Hwi_priGroup__C
  000004b0    000004b0    00000004   00000004    r-- .const:ti_sysbios_family_arm_m3_TaskSupport_stackAlignment__C
  000004b4    000004b4    00000004   00000004    r-- .const:ti_sysbios_heaps_HeapMem_E_memory__C
  000004b8    000004b8    00000004   00000004    r-- .const:ti_sysbios_heaps_HeapMem_Module__gateObj__C
  000004bc    000004bc    00000004   00000004    r-- .const:ti_sysbios_heaps_HeapMem_Object__count__C
  000004c0    000004c0    00000004   00000004    r-- .const:ti_sysbios_heaps_HeapMem_Object__table__C
  000004c4    000004c4    00000004   00000004    r-- .const:ti_sysbios_heaps_HeapMem_reqAlign__C
  000004c8    000004c8    00000004   00000004    r-- .const:ti_sysbios_knl_Clock_serviceMargin__C
  000004cc    000004cc    00000004   00000004    r-- .const:ti_sysbios_knl_Mailbox_Object__count__C
  000004d0    000004d0    00000004   00000004    r-- .const:ti_sysbios_knl_Mailbox_Object__table__C
  000004d4    000004d4    00000004   00000004    r-- .const:ti_sysbios_knl_Queue_Object__count__C
  000004d8    000004d8    00000004   00000004    r-- .const:ti_sysbios_knl_Queue_Object__table__C
  000004dc    000004dc    00000004   00000004    r-- .const:ti_sysbios_knl_Swi_Object__count__C
  000004e0    000004e0    00000004   00000004    r-- .const:ti_sysbios_knl_Swi_Object__table__C
  000004e4    000004e4    00000004   00000004    r-- .const:ti_sysbios_knl_Swi_numPriorities__C
  000004e8    000004e8    00000004   00000004    r-- .const:ti_sysbios_knl_Task_Object__count__C
  000004ec    000004ec    00000004   00000004    r-- .const:ti_sysbios_knl_Task_Object__table__C
  000004f0    000004f0    00000004   00000004    r-- .const:ti_sysbios_knl_Task_allBlockedFunc__C
  000004f4    000004f4    00000004   00000004    r-- .const:ti_sysbios_knl_Task_defaultStackHeap__C
  000004f8    000004f8    00000004   00000004    r-- .const:ti_sysbios_knl_Task_defaultStackSize__C
  000004fc    000004fc    00000004   00000004    r-- .const:ti_sysbios_knl_Task_numConstructedTasks__C
  00000502    00000502    00000002   00000002    r-- .const:ti_sysbios_family_arm_cc26xx_Timer_Module__id__C
  00000504    00000504    00000002   00000002    r-- .const:ti_sysbios_family_arm_cc26xx_TimestampProvider_useClockTimer__C
  00000506    00000506    00000002   00000002    r-- .const:ti_sysbios_family_arm_m3_Hwi_Module__id__C
  00000508    00000508    00000002   00000002    r-- .const:ti_sysbios_gates_GateHwi_Module__id__C
  0000050a    0000050a    00000002   00000002    r-- .const:ti_sysbios_gates_GateMutex_Module__id__C
  0000050c    0000050c    00000002   00000002    r-- .const:ti_sysbios_heaps_HeapMem_Module__id__C
  0000050e    0000050e    00000002   00000002    r-- .const:ti_sysbios_knl_Task_initStackFlag__C
  00000510    00000510    00000001   00000001    r-- .const:ti_sysbios_knl_Clock_tickMode__C
  00000514    00000514    00000008   00000008    r-- .const:xdc_runtime_Startup_firstFxns__C
  0000051c    0000051c    00000008   00000008    r-- .const:xdc_runtime_Startup_lastFxns__C
  00000524    00000524    00000004   00000004    r-- .const:xdc_runtime_Assert_E_assertFailed__C
  00000528    00000528    00000004   00000004    r-- .const:xdc_runtime_Error_E_memory__C
  0000052c    0000052c    00000004   00000004    r-- .const:xdc_runtime_Error_policyFxn__C
  00000530    00000530    00000004   00000004    r-- .const:xdc_runtime_IGateProvider_Interface__BASE__C
  00000534    00000534    00000004   00000004    r-- .const:xdc_runtime_IHeap_Interface__BASE__C
  00000538    00000538    00000004   00000004    r-- .const:xdc_runtime_IModule_Interface__BASE__C
  0000053c    0000053c    00000004   00000004    r-- .const:xdc_runtime_Main_Module__diagsEnabled__C
  00000540    00000540    00000004   00000004    r-- .const:xdc_runtime_Main_Module__diagsIncluded__C
  00000544    00000544    00000004   00000004    r-- .const:xdc_runtime_Main_Module__diagsMask__C
  00000548    00000548    00000004   00000004    r-- .const:xdc_runtime_Memory_defaultHeapInstance__C
  0000054c    0000054c    00000004   00000004    r-- .const:xdc_runtime_Startup_execImpl__C
  00000550    00000550    00000004   00000004    r-- .const:xdc_runtime_Startup_maxPasses__C
  00000554    00000554    00000004   00000004    r-- .const:xdc_runtime_Startup_sfxnRts__C
  00000558    00000558    00000004   00000004    r-- .const:xdc_runtime_Startup_sfxnTab__C
  0000055c    0000055c    00000004   00000004    r-- .const:xdc_runtime_Startup_startModsFxn__C
  00000560    00000560    00000004   00000004    r-- .const:xdc_runtime_SysCallback_abortFxn__C
  00000564    00000564    00000004   00000004    r-- .const:xdc_runtime_SysCallback_exitFxn__C
  00000568    00000568    00000004   00000004    r-- .const:xdc_runtime_System_abortFxn__C
  0000056c    0000056c    00000004   00000004    r-- .const:xdc_runtime_System_exitFxn__C
  00000570    00000570    00000004   00000004    r-- .const:xdc_runtime_System_maxAtexitHandlers__C
  00000574    00000574    00000004   00000004    r-- .const:xdc_runtime_Text_charTab__C
  00000578    00000578    00000004   00000004    r-- .const:xdc_runtime_Text_nameEmpty__C
  0000057c    0000057c    00000004   00000004    r-- .const:xdc_runtime_Text_nameStatic__C
  00000580    00000580    00000004   00000004    r-- .const:xdc_runtime_Text_nameUnknown__C
  00000584    00000584    00000002   00000002    r-- .const:xdc_runtime_Main_Module__id__C
  00000586    00000586    00000002   00000002    r-- .const:xdc_runtime_Memory_Module__id__C
  00000588    00000588    00000002   00000002    r-- .const:xdc_runtime_Text_charCnt__C
  0000058a    0000058a    00000002   00000002    r-- .const:xdc_runtime_Text_isLoaded__C
  0000058c    0000058c    00000001   00000001    r-- .const:xdc_runtime_Error_policy__C
  00000590    00000590    00000004   00000004    r-- .const:ti_sysbios_rom_ROM_AONRTCChannelEnable
  00000594    00000594    00000004   00000004    r-- .const:ti_sysbios_rom_ROM_AONRTCCompareValueSet
  00000598    00000598    00000004   00000004    r-- .const:ti_sysbios_rom_ROM_AONRTCCurrentCompareValueGet
  0000059c    0000059c    00000004   00000004    r-- .const:ti_sysbios_rom_ROM_AONRTCEventClear
  000005a0    000005a0    00000004   00000004    r-- .const:ti_sysbios_rom_ROM_ti_sysbios_family_arm_cc26xx_Timer_getCount64__E
  000005a4    000005a4    00000004   00000004    r-- .const:ti_sysbios_rom_ROM_ti_sysbios_family_arm_cc26xx_Timer_getCurrentTick__E
  000005a8    000005a8    00000004   00000004    r-- .const:ti_sysbios_rom_ROM_ti_sysbios_family_arm_cc26xx_Timer_getMaxTicks__E
  000005ac    000005ac    00000004   00000004    r-- .const:ti_sysbios_rom_ROM_ti_sysbios_family_arm_cc26xx_Timer_initDevice__I
  000005b0    000005b0    00000004   00000004    r-- .const:ti_sysbios_rom_ROM_ti_sysbios_family_arm_cc26xx_Timer_setNextTick__E
  000005b4    000005b4    00000004   00000004    r-- .const:ti_sysbios_rom_ROM_ti_sysbios_family_arm_cc26xx_Timer_setThreshold__I
  000005b8    000005b8    00000004   00000004    r-- .const:ti_sysbios_rom_ROM_ti_sysbios_family_arm_cc26xx_Timer_start__E
  000005bc    000005bc    00000004   00000004    r-- .const:ti_sysbios_rom_ROM_ti_sysbios_family_arm_cc26xx_TimestampProvider_get32__E
  000005c0    000005c0    00000004   00000004    r-- .const:ti_sysbios_rom_ROM_xdc_runtime_Startup_getState__I
  000005c4    000005c4    00000004   00000004    r-- .const:ti_sysbios_rom_ROM_xdc_runtime_System_SupportProxy_abort__E
  000005c8    000005c8    00000004   00000004    r-- .const:ti_sysbios_rom_ROM_xdc_runtime_System_SupportProxy_exit__E
  000005cc    000005cc    00000004   00000004    r-- .const:ti_sysbios_gates_GateMutex_Instance_State_sem__O
  000005d0    000005d0    00000004   00000004    r-- .const:ti_sysbios_knl_Clock_Module_State_clockQ__O
  000005d4    000005d4    00000004   00000004    r-- .const:ti_sysbios_knl_Mailbox_Instance_State_dataQue__O
  000005d8    000005d8    00000004   00000004    r-- .const:ti_sysbios_knl_Mailbox_Instance_State_dataSem__O
  000005dc    000005dc    00000004   00000004    r-- .const:ti_sysbios_knl_Mailbox_Instance_State_freeQue__O
  000005e0    000005e0    00000004   00000004    r-- .const:ti_sysbios_knl_Mailbox_Instance_State_freeSem__O
  000005e4    000005e4    00000004   00000004    r-- .const:ti_sysbios_knl_Semaphore_Instance_State_pendQ__O
  000005e8    000005e8    00000004   00000004    r-- .const:ti_sysbios_knl_Task_Module_State_inactiveQ__O
  000005ec    000005ec    000088f4   000088f4    r-x .text
  00008ee0    00008ee0    000003ea   000003ea    r-- .const
  000092d0    000092d0    00000298   00000298    r-- .cinit
0001ffa8    0001ffa8    00000058   00000058    r--
  0001ffa8    0001ffa8    00000058   00000058    r-- .ccfg
20000100    20000100    00002946   00000000    rw-
  20000100    20000100    00000044   00000000    rw- .data:ti_sysbios_knl_Task_Module__state__V
  20000144    20000144    00000034   00000000    rw- .data:ti_sysbios_family_arm_m3_Hwi_Module__state__V
  20000178    20000178    0000002c   00000000    rw- .data:ti_sysbios_knl_Clock_Module__state__V
  200001a4    200001a4    00000024   00000000    rw- .data:ti_sysbios_BIOS_Module__state__V
  200001c8    200001c8    0000001c   00000000    rw- .data:ti_sysbios_knl_Swi_Module__state__V
  200001e4    200001e4    00000008   00000000    rw- .data:ti_sysbios_family_arm_cc26xx_Timer_Module__state__V
  200001ec    200001ec    00000004   00000000    rw- .data:ti_sysbios_family_arm_cc26xx_TimestampProvider_Module__state__V
  200001f0    200001f0    00000008   00000000    rw- .data:xdc_runtime_Startup_Module__state__V
  200001f8    200001f8    00000008   00000000    rw- .data:xdc_runtime_System_Module__state__V
  20000200    20000200    00000004   00000000    rw- .data:xdc_runtime_Memory_Module__state__V
  20000208    20000208    0000245f   00000000    rw- .bss
  20002668    20002668    000003de   00000000    rw- .data
20004d00    20004d00    00000300   00000000    rw-
  20004d00    20004d00    00000300   00000000    rw- .stack


SECTION ALLOCATION MAP

 output                                  attributes/
section   page    origin      length       input sections
--------  ----  ----------  ----------   ----------------
.text      0    000005ec    000088f4     
                  000005ec    00000a4e     rtsv7M3_T_le_eabi.lib : _printfi.c.obj (.text:__TI_printfi)
                  0000103a    00000002                           : _lock.c.obj (.text:_nop)
                  0000103c    000009c4                           : e_pow.c.obj (.text:pow)
                  00001a00    00000574     mpu9250.obj (.text:MPU9250SelfTest)
                  00001f74    000004d0     mpu9250.obj (.text:accelgyrocalMPU9250)
                  00002444    0000033c     rom_sysbios.aem3 : rom_sysbios.obj (.text:xdc_runtime_System_doPrint__I)
                  00002780    000002b4     project_oma.obj (.text:main)
                  00002a34    00000260     rtsv7M3_T_le_eabi.lib : _printfi.c.obj (.text:_pconv_a)
                  00002c94    00000254     project_oma.obj (.text:interpret_mpu)
                  00002ee8    00000228     drivers_cc26xxware.aem3 : PowerCC26XX.oem3 (.text:Power_sleep)
                  00003110    00000204     driverlib.lib : sys_ctrl.obj (.text:NOROM_SysCtrlSetRechargeBeforePowerDown)
                  00003314    000001d0     drivers_cc26xxware.aem3 : PowerCC26XX_calibrateRCOSC.oem3 (.text:calibrateRcoscHf1)
                  000034e4    000001cc     rtsv7M3_T_le_eabi.lib : _printfi.c.obj (.text:_pconv_g)
                  000036b0    000001c4     drivers_cc26xxware.aem3 : PINCC26XX.oem3 (.text:PIN_init)
                  00003874    000001b6     rtsv7M3_T_le_eabi.lib : fd_add_t2.asm.obj (.text)
                  00003a2a    00000002     drivers_cc26xxware.aem3 : PowerCC26XX.oem3 (.text:emptyClockFunc)
                  00003a2c    000001a0                             : UARTCC26XX.oem3 (.text:UARTCC26XX_open)
                  00003bcc    00000184                             : PowerCC26XX_calibrateRCOSC.oem3 (.text:PowerCC26XX_doCalibrate)
                  00003d50    00000170     rtsv7M3_T_le_eabi.lib : e_sqrt.c.obj (.text:sqrt)
                  00003ec0    00000164     project_oma.obj (.text:mpu_sensorFxn)
                  00004024    0000013c     rtsv7M3_T_le_eabi.lib : _printfi.c.obj (.text:_pconv_e)
                  00004160    00000136                           : fd_div_t2.asm.obj (.text)
                  00004296    00000002                           : div0.asm.obj (.text)
                  00004298    00000130     driverlib.lib : setup_rom.obj (.text:NOROM_SetupAfterColdResetWakeupFromShutDownCfg3)
                  000043c8    00000120     rtsv7M3_T_le_eabi.lib : _printfi.c.obj (.text:fcvt)
                  000044e8    00000120     mpu9250.obj (.text:mpu9250_get_data)
                  00004608    0000011c     drivers_cc26xxware.aem3 : PowerCC26XX.oem3 (.text:Power_init)
                  00004724    0000011c                             : UARTCC26XX.oem3 (.text:UARTCC26XX_read)
                  00004840    00000114                             : PowerCC26XX.oem3 (.text:Power_shutdown)
                  00004954    00000110                             : UARTCC26XX.oem3 (.text:UARTCC26XX_hwiIntFxn)
                  00004a64    000000fc                             : UARTCC26XX.oem3 (.text:UARTCC26XX_write)
                  00004b60    000000fc     rtsv7M3_T_le_eabi.lib : fd_mul_t2.asm.obj (.text)
                  00004c5c    000000fa                           : fs_add_t2.asm.obj (.text)
                  00004d56    00000002     rom_sysbios.aem3 : rom_sysbios.obj (.text:ti_sysbios_BIOS_linkedWithIncorrectBootLibrary__E)
                  00004d58    000000f8     drivers_cc26xxware.aem3 : I2CCC26XX.oem3 (.text:I2CCC26XX_open)
                  00004e50    000000f8     project_oma.obj (.text:uartTaskFxn)
                  00004f48    000000f8     empty_pem3.oem3 (.text:xdc_runtime_System_printfExtend__I)
                  00005040    000000e8     drivers_cc26xxware.aem3 : I2CCC26XX.oem3 (.text:I2CCC26XX_hwiFxn)
                  00005128    000000e8     mpu9250.obj (.text:initMPU9250)
                  00005210    000000e4     driverlib.lib : setup_rom.obj (.text:NOROM_SetupAfterColdResetWakeupFromShutDownCfg2)
                  000052f4    000000e0     drivers_cc26xxware.aem3 : PINCC26XX.oem3 (.text:PINCC26XX_setIoCfg)
                  000053d4    000000d4     power_cc26xx_tirtos.aem3 : PowerCC26XX_tirtos.oem3 (.text:PowerCC26XX_standbyPolicy)
                  000054a8    000000d4     drivers_cc26xxware.aem3 : PowerCC26XX.oem3 (.text:Power_releaseDependency)
                  0000557c    000000d0                             : PowerCC26XX.oem3 (.text:Power_setDependency)
                  0000564c    000000d0     rtsv7M3_T_le_eabi.lib : s_scalbn.c.obj (.text:scalbn)
                  0000571c    000000c8     drivers_cc26xxware.aem3 : UARTCC26XX.oem3 (.text:UARTCC26XX_initHw)
                  000057e4    000000c2                             : I2CCC26XX.oem3 (.text:I2CCC26XX_transfer)
                  000058a6    00000002     empty_pem3.oem3 (.text:ti_sysbios_BIOS_nullFunc__I)
                  000058a8    000000bc     driverlib.lib : setup.obj (.text:TrimAfterColdResetWakeupFromShutDown)
                  00005964    000000b1     rtsv7M3_T_le_eabi.lib : _printfi.c.obj (.text:_ltostr)
                  00005a15    00000001     --HOLE-- [fill = 0]
                  00005a16    00000002     rom_sysbios.aem3 : rom_sysbios.obj (.text:ti_sysbios_knl_Clock_triggerFunc__I)
                  00005a18    000000a8     driverlib.lib : setup.obj (.text:NOROM_SetupTrimDevice)
                  00005ac0    000000a0     auto_init.aem3 : auto_init.oem3 (.text)
                  00005b60    0000009e     rom_sysbios.aem3 : rom_sysbios.obj (.text:xdc_runtime_Text_putSite__E)
                  00005bfe    00000002                      : rom_sysbios.obj (.text:xdc_runtime_SysCallback_defaultAbort)
                  00005c00    0000009c     buzzer.obj (.text:buzzerSetFrequency)
                  00005c9c    0000009c     rtsv7M3_T_le_eabi.lib : memcpy_t2.asm.obj (.text)
                  00005d38    00000098     rom_sysbios.aem3 : rom_sysbios.obj (.text:ti_sysbios_knl_Clock_workFuncDynamic__E)
                  00005dd0    00000096     rtsv7M3_T_le_eabi.lib : ull_div_t2.asm.obj (.text)
                  00005e66    00000002     rom_sysbios.aem3 : rom_sysbios.obj (.text:xdc_runtime_SysCallback_defaultExit)
                  00005e68    00000094     drivers_cc26xxware.aem3 : PINCC26XX.oem3 (.text:PIN_open)
                  00005efc    00000094                             : UARTCC26XX.oem3 (.text:writeFinishedDoCallback)
                  00005f90    00000094     rom_sysbios.aem3 : rom_sysbios.obj (.text:xdc_runtime_Text_putMod__E)
                  00006024    00000092     rtsv7M3_T_le_eabi.lib : fs_div_t2.asm.obj (.text)
                  000060b6    00000002     --HOLE-- [fill = 0]
                  000060b8    00000090     drivers_cc26xxware.aem3 : I2CCC26XX.oem3 (.text:I2CCC26XX_cancel)
                  00006148    00000090     mpu9250.obj (.text:mpu9250_setup)
                  000061d8    00000090     drivers_cc26xxware.aem3 : PowerCC26XX.oem3 (.text:switchXOSCHFclockFunc)
                  00006268    0000008c                             : I2CCC26XX.oem3 (.text:I2CCC26XX_primeTransfer)
                  000062f4    0000008c                             : UARTCC26XX.oem3 (.text:UARTCC26XX_initIO)
                  00006380    0000008c                             : UARTCC26XX.oem3 (.text:UARTCC26XX_writeCancel)
                  0000640c    0000008c     project_oma.obj (.text:buzzTaskFxn)
                  00006498    00000086     rtsv7M3_T_le_eabi.lib : fd_cmp_t2.asm.obj (.text:__aeabi_cdcmple)
                  0000651e    00000086                           : fd_cmp_t2.asm.obj (.text:__aeabi_cdrcmple)
                  000065a4    00000080     mpu9250.obj (.text:writeByte)
                  00006624    0000007c     drivers_cc26xxware.aem3 : PowerCC26XX.oem3 (.text:disableLFClockQualifiers)
                  000066a0    0000007c     mpu9250.obj (.text:readByte)
                  0000671c    0000007a     rtsv7M3_T_le_eabi.lib : fs_mul_t2.asm.obj (.text)
                  00006796    0000007a                           : memset_t2.asm.obj (.text)
                  00006810    00000078     driverlib.lib : setup_rom.obj (.text:NOROM_SetupAfterColdResetWakeupFromShutDownCfg1)
                  00006888    00000078     drivers_cc26xxware.aem3 : UARTCC26XX.oem3 (.text:UARTCC26XX_close)
                  00006900    00000074                             : PowerCC26XX_calibrateRCOSC.oem3 (.text:PowerCC26XX_auxISR)
                  00006974    00000074                             : PowerCC26XX_calibrateRCOSC.oem3 (.text:calibrateRcoscHf2)
                  000069e8    00000074     rom_sysbios.aem3 : rom_sysbios.obj (.text:ti_sysbios_family_arm_cc26xx_Timer_start__E)
                  00006a5c    00000074     drivers_cc26xxware.aem3 : UARTCC26XX.oem3 (.text:writeTxFifoFlush)
                  00006ad0    00000070     driverlib.lib : chipinfo.obj (.text:NOROM_ChipInfo_GetHwRevision)
                  00006b40    0000006e     rtsv7M3_T_le_eabi.lib : _printfi.c.obj (.text:_mcpy)
                  00006bae    0000006e                           : fd_tos_t2.asm.obj (.text)
                  00006c1c    0000006d     rom_sysbios.aem3 : rom_sysbios.obj (.text:xdc_runtime_System_formatNum__I)
                  00006c89    00000003     --HOLE-- [fill = 0]
                  00006c8c    0000006c     driverlib.lib : setup_rom.obj (.text:NOROM_SetupGetTrimForAmpcompCtrl)
                  00006cf8    0000006c     drivers_cc26xxware.aem3 : PowerCC26XX.oem3 (.text:PowerCC26XX_calibrate)
                  00006d64    0000006c                             : UARTCC26XX.oem3 (.text:UARTCC26XX_readCancel)
                  00006dd0    00000068     driverlib.lib : setup_rom.obj (.text:NOROM_SetupGetTrimForAnabypassValue1)
                  00006e38    00000068                   : sys_ctrl.obj (.text:NOROM_SysCtrl_DCDC_VoltageConditionalControl)
                  00006ea0    00000068     rtsv7M3_T_le_eabi.lib : copy_decompress_lzss.c.obj (.text:decompress:lzss:__TI_decompress_lzss)
                  00006f08    00000064     drivers_cc26xxware.aem3 : I2CCC26XX.oem3 (.text:I2CCC26XX_close)
                  00006f6c    00000064                             : I2CCC26XX.oem3 (.text:I2CCC26XX_initIO)
                  00006fd0    00000064                             : UARTCC26XX.oem3 (.text:UARTCC26XX_control)
                  00007034    00000060                             : PowerCC26XX_calibrateRCOSC.oem3 (.text:PowerCC26XX_RCOSC_clockFunc)
                  00007094    00000060                             : PowerCC26XX_calibrateRCOSC.oem3 (.text:updateSubSecInc)
                  000070f4    0000005c     driverlib.lib : osc.obj (.text:NOROM_OSCHF_AttemptToSwitchToXosc)
                  00007150    0000005c                   : sys_ctrl.obj (.text:NOROM_SysCtrlAdjustRechargeAfterPowerDown)
                  000071ac    0000005c     drivers_cc26xxware.aem3 : PINCC26XX.oem3 (.text:PIN_remove)
                  00007208    0000005c     rtsv7M3_T_le_eabi.lib : s_frexp.c.obj (.text:frexp)
                  00007264    0000005c     empty_pem3.oem3 (.text:xdc_runtime_Startup_getState__I)
                  000072c0    0000005b     rom_sysbios.aem3 : rom_sysbios.obj (.text:xdc_runtime_Text_putLab__E)
                  0000731b    00000001     --HOLE-- [fill = 0]
                  0000731c    00000058     rtsv7M3_T_le_eabi.lib : hostwrite.c.obj (.text:HOSTwrite)
                  00007374    00000058     drivers_cc26xxware.aem3 : I2CCC26XX.oem3 (.text:I2CCC26XX_swiFxn)
                  000073cc    00000058                             : PowerCC26XX_calibrateRCOSC.oem3 (.text:PowerCC26XX_initiateCalibration)
                  00007424    00000058     project_oma.obj (.text:bootTask)
                  0000747c    00000058     project_oma.obj (.text:interpretUart)
                  000074d4    00000056     rtsv7M3_T_le_eabi.lib : _printfi.c.obj (.text:_pconv_f)
                  0000752a    00000054                           : _ltoa.c.obj (.text:__TI_ltoa)
                  0000757e    00000002     --HOLE-- [fill = 0]
                  00007580    00000054     drivers_cc26xxware.aem3 : PowerCC26XX.oem3 (.text:configureXOSCHF)
                  000075d4    00000054     mpu9250.obj (.text:getAres)
                  00007628    00000054     mpu9250.obj (.text:getGres)
                  0000767c    00000052     rtsv7M3_T_le_eabi.lib : _printfi.c.obj (.text:_ecpy)
                  000076ce    00000002     --HOLE-- [fill = 0]
                  000076d0    00000050     driverlib.lib : setup_rom.obj (.text:NOROM_SetupSetCacheModeAccordingToCcfgSetting)
                  00007720    0000004c                   : osc.obj (.text:NOROM_OSCClockSourceSet)
                  0000776c    0000004c     rtsv7M3_T_le_eabi.lib : atoi.c.obj (.text:atoi)
                  000077b8    0000004c                           : cpy_tbl.c.obj (.text:copy_in)
                  00007804    0000004c     drivers_cc26xxware.aem3 : UARTCC26XX.oem3 (.text:startTxFifoEmptyClk)
                  00007850    00000048                             : I2CCC26XX.oem3 (.text:I2CCC26XX_initHw)
                  00007898    00000048     driverlib.lib : chipinfo.obj (.text:NOROM_ChipInfo_GetChipFamily)
                  000078e0    00000048                   : ddi.obj (.text:NOROM_DDI16BitfieldWrite)
                  00007928    00000048     drivers_cc26xxware.aem3 : PINCC26XX.oem3 (.text:PIN_setOutputEnable)
                  00007970    00000048                             : PINCC26XX.oem3 (.text:PIN_swi)
                  000079b8    00000048                             : PowerCC26XX.oem3 (.text:notify)
                  00007a00    00000048     rtsv7M3_T_le_eabi.lib : fd_toi_t2.asm.obj (.text)
                  00007a48    00000046     drivers_cc26xxware.aem3 : RingBuf.oem3 (.text:RingBuf_put)
                  00007a8e    00000002     --HOLE-- [fill = 0]
                  00007a90    00000044     boot.aem3 : boot.oem3 (.text)
                  00007ad4    00000044     buzzer.obj (.text:buzzerOpen)
                  00007b18    00000044     rom_sysbios.aem3 : rom_sysbios.obj (.text:xdc_runtime_SysMin_flush__E)
                  00007b5c    00000044                      : rom_sysbios.obj (.text:xdc_runtime_Text_xprintf__I)
                  00007ba0    00000040     driverlib.lib : ddi.obj (.text:NOROM_DDI16BitfieldRead)
                  00007be0    00000040     drivers_cc26xxware.aem3 : RingBuf.oem3 (.text:RingBuf_get)
                  00007c20    00000040     rtsv7M3_T_le_eabi.lib : u_divt2.asm.obj (.text)
                  00007c60    00000040                           : sprintf.c.obj (.text:sprintf)
                  00007ca0    0000003e                           : _printfi.c.obj (.text:_fcpy)
                  00007cde    00000002     --HOLE-- [fill = 0]
                  00007ce0    0000003c     driverlib.lib : osc.obj (.text:NOROM_OSC_HPOSCRelativeFrequencyOffsetGet)
                  00007d1c    0000003c     drivers_cc26xxware.aem3 : PINCC26XX.oem3 (.text:PIN_setOutputValue)
                  00007d58    0000003c                             : UARTCC26XX.oem3 (.text:UARTCC26XX_swiIntFxn)
                  00007d94    00000038                             : I2C.oem3 (.text:I2C_init)
                  00007dcc    00000038                             : UART.oem3 (.text:UART_init)
                  00007e04    00000038     rtsv7M3_T_le_eabi.lib : trgmsg.c.obj (.text:__TI_writemsg)
                  00007e3c    00000038     drivers_cc26xxware.aem3 : UARTCC26XX.oem3 (.text:readData)
                  00007e74    00000038     rtsv7M3_T_le_eabi.lib : fs_tod_t2.asm.obj (.text)
                  00007eac    00000038                           : i_tofs_t2.asm.obj (.text)
                  00007ee4    00000038     rom_sysbios.aem3 : rom_sysbios.obj (.text:ti_sysbios_family_arm_cc26xx_Timer_getCurrentTick__E)
                  00007f1c    00000038     drivers_cc26xxware.aem3 : UARTCC26XX.oem3 (.text:writeData)
                  00007f54    00000038     rom_sysbios.aem3 : rom_sysbios.obj (.text:xdc_runtime_SysMin_putch__E)
                  00007f8c    00000034     driverlib.lib : osc.obj (.text:NOROM_OSCHF_SwitchToRcOscTurnOffXosc)
                  00007fc0    00000034     drivers_cc26xxware.aem3 : PINCC26XX.oem3 (.text:PIN_setConfig)
                  00007ff4    00000034     rtsv7M3_T_le_eabi.lib : trgmsg.c.obj (.text:__TI_readmsg)
                  00008028    00000034     drivers_cc26xxware.aem3 : UARTCC26XX.oem3 (.text:readData2RingBuf)
                  0000805c    00000034     rom_sysbios.aem3 : rom_sysbios.obj (.text:ti_sysbios_family_arm_cc26xx_Timer_initDevice__I)
                  00008090    00000032                      : rom_sysbios.obj (.text:ti_sysbios_family_arm_cc26xx_Timer_setNextTick__E)
                  000080c2    00000002     --HOLE-- [fill = 0]
                  000080c4    00000030     drivers_cc26xxware.aem3 : I2C.oem3 (.text:I2C_open)
                  000080f4    00000030     driverlib.lib : setup_rom.obj (.text:NOROM_SetupSetAonRtcSubSecInc)
                  00008124    00000030     drivers_cc26xxware.aem3 : PowerCC26XX.oem3 (.text:Power_releaseConstraint)
                  00008154    00000030                             : PowerCC26XX.oem3 (.text:Power_setConstraint)
                  00008184    00000030                             : UART.oem3 (.text:UART_open)
                  000081b4    00000030     project_oma.obj (.text:buttonFxn)
                  000081e4    00000030     empty_pem3.oem3 (.text:ti_sysbios_BIOS_atExitFunc__I)
                  00008214    00000030     empty_pem3.oem3 (.text:ti_sysbios_BIOS_startFunc__I)
                  00008244    00000030     rom_sysbios.aem3 : rom_sysbios.obj (.text:ti_sysbios_family_arm_cc26xx_Timer_setThreshold__I)
                  00008274    00000030                      : rom_sysbios.obj (.text:xdc_runtime_SysMin_abort__E)
                  000082a4    0000002f                      : rom_sysbios.obj (.text:xdc_runtime_Text_printVisFxn__I)
                  000082d3    00000001     --HOLE-- [fill = 0]
                  000082d4    0000002e     rtsv7M3_T_le_eabi.lib : i_tofd_t2.asm.obj (.text)
                  00008302    00000002     --HOLE-- [fill = 0]
                  00008304    0000002c     driverlib.lib : ddi.obj (.text:NOROM_DDI32RegWrite)
                  00008330    0000002c                   : setup_rom.obj (.text:NOROM_SetupGetTrimForRadcExtCfg)
                  0000835c    0000002c     drivers_cc26xxware.aem3 : PINCC26XX.oem3 (.text:PINCC26XX_setMux)
                  00008388    0000002c     rom_sysbios.aem3 : rom_sysbios.obj (.text:ti_sysbios_knl_Clock_getTicksUntilInterrupt__E)
                  000083b4    0000002a     buzzer.obj (.text:TimerLoadSet)
                  000083de    0000002a     buzzer.obj (.text:TimerMatchSet)
                  00008408    0000002a     buzzer.obj (.text:TimerPrescaleMatchSet)
                  00008432    0000002a     buzzer.obj (.text:TimerPrescaleSet)
                  0000845c    0000002a     rom_sysbios.aem3 : rom_sysbios.obj (.text:xdc_runtime_System_putchar__I)
                  00008486    00000002     --HOLE-- [fill = 0]
                  00008488    00000028     driverlib.lib : aon_batmon.obj (.text:NOROM_AONBatMonTemperatureGetDegC)
                  000084b0    00000028     drivers_cc26xxware.aem3 : PowerCC26XX.oem3 (.text:Power_registerNotify)
                  000084d8    00000028     driverlib.lib : adi.obj (.text:SafeHapiVoid)
                  00008500    00000028     project_oma.obj (.text:uartFxn)
                  00008528    00000026     drivers_cc26xxware.aem3 : List.oem3 (.text:List_put)
                  0000854e    00000002     --HOLE-- [fill = 0]
                  00008550    00000024                             : PINCC26XX.oem3 (.text:PINCC26XX_getPinCount)
                  00008574    00000024     mpu9250.obj (.text:delay)
                  00008598    00000024     drivers_cc26xxware.aem3 : PowerCC26XX_calibrateRCOSC.oem3 (.text:getTdcSemaphore)
                  000085bc    00000024     rtsv7M3_T_le_eabi.lib : u_tofs_t2.asm.obj (.text)
                  000085e0    00000024     empty_pem3.oem3 (.text:ti_sysbios_BIOS_registerRTSLock__I)
                  00008604    00000024     empty_pem3.oem3 (.text:ti_sysbios_BIOS_removeRTSLock__I)
                  00008628    00000024     rom_sysbios.aem3 : rom_sysbios.obj (.text:ti_sysbios_family_arm_cc26xx_Timer_getMaxTicks__E)
                  0000864c    00000024                      : rom_sysbios.obj (.text:xdc_runtime_System_vprintf__E)
                  00008670    00000022     rtsv7M3_T_le_eabi.lib : memccpy.c.obj (.text:memccpy)
                  00008692    00000022     empty_pem3.oem3 (.text:xdc_runtime_SysMin_output__I)
                  000086b4    00000020     driverlib.lib : setup_rom.obj (.text:NOROM_SetupGetTrimForXoscHfCtl)
                  000086d4    00000020     drivers_cc26xxware.aem3 : PowerCC26XX.oem3 (.text:Power_unregisterNotify)
                  000086f4    00000020     project_oma.obj (.text:buttonFxn_pwr)
                  00008714    00000020     buzzer.obj (.text:buzzerClose)
                  00008734    00000020     empty_pem3.oem3 (.text:ti_sysbios_BIOS_rtsLock__I)
                  00008754    00000020     rom_sysbios.aem3 : rom_sysbios.obj (.text:ti_sysbios_family_arm_cc26xx_Timer_dynamicStub__E)
                  00008774    00000020                      : rom_sysbios.obj (.text:ti_sysbios_knl_Clock_stop__E)
                  00008794    00000020                      : rom_sysbios.obj (.text:xdc_runtime_SysMin_Module_startup__E)
                  000087b4    0000001e     drivers_cc26xxware.aem3 : PINCC26XX.oem3 (.text:PIN_close)
                  000087d2    0000001e                             : PowerCC26XX.oem3 (.text:Power_getTransitionLatency)
                  000087f0    0000001e     buzzer.obj (.text:TimerDisable)
                  0000880e    0000001e     buzzer.obj (.text:TimerEnable)
                  0000882c    0000001c     driverlib.lib : osc.obj (.text:NOROM_OSCClockSourceGet)
                  00008848    0000001c                   : setup_rom.obj (.text:NOROM_SetupGetTrimForAmpcompTh2)
                  00008864    0000001c                   : setup_rom.obj (.text:NOROM_SetupGetTrimForRcOscLfRtuneCtuneTrim)
                  00008880    0000001c     drivers_cc26xxware.aem3 : PINCC26XX.oem3 (.text:PINCC26XX_setIoCfgMux)
                  0000889c    0000001c                             : PINCC26XX.oem3 (.text:PIN_hwi)
                  000088b8    0000001c     rom_sysbios.aem3 : rom_sysbios.obj (.text:xdc_runtime_Registry_findById__E)
                  000088d4    0000001c                      : rom_sysbios.obj (.text:xdc_runtime_SysMin_exit__E)
                  000088f0    0000001a     drivers_cc26xxware.aem3 : List.oem3 (.text:List_remove)
                  0000890a    0000001a     rom_sysbios.aem3 : rom_sysbios_config.obj (.text:xdc_runtime_System_printf__E)
                  00008924    00000018     driverlib.lib : aon_rtc.obj (.text:NOROM_AONRTCCurrentCompareValueGet)
                  0000893c    00000018                   : chipinfo.obj (.text:NOROM_ChipInfo_GetPackageType)
                  00008954    00000018                   : osc.obj (.text:NOROM_OSCHF_TurnOnXosc)
                  0000896c    00000018                   : setup_rom.obj (.text:NOROM_SetupGetTrimForAdcShModeEn)
                  00008984    00000018                   : setup_rom.obj (.text:NOROM_SetupGetTrimForAdcShVbufEn)
                  0000899c    00000018                   : setup_rom.obj (.text:NOROM_SetupGetTrimForAmpcompTh1)
                  000089b4    00000018                   : setup_rom.obj (.text:NOROM_SetupGetTrimForDblrLoopFilterResetVoltage)
                  000089cc    00000018                   : setup_rom.obj (.text:NOROM_SetupGetTrimForRcOscLfIBiasTrim)
                  000089e4    00000018                   : setup_rom.obj (.text:NOROM_SetupGetTrimForXoscLfRegulatorAndCmirrwrRatio)
                  000089fc    00000018     drivers_cc26xxware.aem3 : PowerCC26XX.oem3 (.text:Power_idleFunc)
                  00008a14    00000018                             : UARTCC26XX.oem3 (.text:UARTCC26XX_init)
                  00008a2c    00000018                             : UART.oem3 (.text:UART_Params_init)
                  00008a44    00000018     rtsv7M3_T_le_eabi.lib : args_main.c.obj (.text:_args_main)
                  00008a5c    00000018                           : sprintf.c.obj (.text:_outs)
                  00008a74    00000018     drivers_cc26xxware.aem3 : PowerCC26XX.oem3 (.text:configureRFCoreClocks)
                  00008a8c    00000018     rtsv7M3_T_le_eabi.lib : ll_mul_t2.asm.obj (.text)
                  00008aa4    00000018     empty_pem3.oem3 (.text:ti_sysbios_BIOS_rtsUnlock__I)
                  00008abc    00000018     rom_sysbios.aem3 : rom_sysbios.obj (.text:ti_sysbios_knl_Swi_or__E)
                  00008ad4    00000016     rtsv7M3_T_le_eabi.lib : strchr.c.obj (.text:strchr)
                  00008aea    00000016     empty_pem3.oem3 (.text:ti_sysbios_BIOS_exitFunc__I)
                  00008b00    00000016     project_oma.obj (.text:ti_sysbios_knl_Task_Params_init)
                  00008b16    00000002     --HOLE-- [fill = 0]
                  00008b18    00000014     driverlib.lib : aon_rtc.obj (.text:NOROM_AONRTCCurrent64BitValueGet)
                  00008b2c    00000014                   : chipinfo.obj (.text:NOROM_ThisCodeIsBuiltForCC26xxHwRev22AndLater_HaltIfViolated)
                  00008b40    00000014     rtsv7M3_T_le_eabi.lib : strlen.c.obj (.text:strlen)
                  00008b54    00000014     empty_pem3.oem3 (.text:ti_sysbios_knl_Clock_doTick__I)
                  00008b68    00000012     drivers_cc26xxware.aem3 : RingBuf.oem3 (.text:RingBuf_construct)
                  00008b7a    00000012     rtsv7M3_T_le_eabi.lib : wcslen.c.obj (.text:wcslen)
                  00008b8c    00000012     empty_pem3.oem3 (.text:xdc_runtime_Startup_exec__I)
                  00008b9e    00000002     --HOLE-- [fill = 0]
                  00008ba0    00000010     drivers_cc26xxware.aem3 : I2C.oem3 (.text:I2C_Params_init)
                  00008bb0    00000010     driverlib.lib : setup_rom.obj (.text:NOROM_SetupGetTrimForXoscHfFastStart)
                  00008bc0    00000010                   : setup_rom.obj (.text:NOROM_SetupGetTrimForXoscHfIbiastherm)
                  00008bd0    00000010     drivers_cc26xxware.aem3 : I2CCC26XX.oem3 (.text:i2cPostNotify)
                  00008be0    00000010                             : UARTCC26XX.oem3 (.text:uartPostNotify)
                  00008bf0    00000010     rom_sysbios.aem3 : rom_sysbios.obj (.text:xdc_runtime_SysMin_ready__E)
                  00008c00    00000010                      : rom_sysbios.obj (.text:xdc_runtime_System_vsnprintf__E)
                  00008c10    0000000e     driverlib.lib : vims.obj (.text:NOROM_VIMSModeGet)
                  00008c1e    0000000e     rtsv7M3_T_le_eabi.lib : copy_decompress_none.c.obj (.text:decompress:none:__TI_decompress_none)
                  00008c2c    0000000e     rom_sysbios.aem3 : rom_sysbios.obj (.text:ti_sysbios_family_arm_cc26xx_TimestampProvider_get32__E)
                  00008c3a    0000000c     driverlib.lib : cpu.obj (.text:NOROM_CPUcpsid)
                  00008c46    0000000c                   : cpu.obj (.text:NOROM_CPUcpsie)
                  00008c52    0000000c     drivers_cc26xxware.aem3 : PINCC26XX.oem3 (.text:PIN_registerIntCb)
                  00008c5e    00000002     --HOLE-- [fill = 0]
                  00008c60    0000000c                             : PowerCC26XX.oem3 (.text:Power_getConstraintMask)
                  00008c6c    0000000c                             : PowerCC26XX.oem3 (.text:Power_getDependencyCount)
                  00008c78    0000000c     rtsv7M3_T_le_eabi.lib : _lock.c.obj (.text:_register_lock)
                  00008c84    0000000c                           : _lock.c.obj (.text:_register_unlock)
                  00008c90    0000000c                           : s_copysign.c.obj (.text:copysign)
                  00008c9c    0000000c                           : copy_zero_init.c.obj (.text:decompress:ZI:__TI_zero_init)
                  00008ca8    0000000c     rom_sysbios.aem3 : rom_sysbios.obj (.text:ti_sysbios_knl_Swi_getTrigger__E)
                  00008cb4    0000000c                      : rom_sysbios.obj (.text:xdc_runtime_Startup_rtsDone__E)
                  00008cc0    0000000a     drivers_cc26xxware.aem3 : I2CCC26XX.oem3 (.text:I2CCC26XX_init)
                  00008cca    0000000a                             : I2C.oem3 (.text:I2C_transfer)
                  00008cd4    0000000a                             : List.oem3 (.text:List_empty)
                  00008cde    0000000a                             : UART.oem3 (.text:UART_read)
                  00008ce8    0000000a                             : UART.oem3 (.text:UART_write)
                  00008cf2    0000000a     rtsv7M3_T_le_eabi.lib : sprintf.c.obj (.text:_outc)
                  00008cfc    00000008     drivers_cc26xxware.aem3 : I2CCC26XX.oem3 (.text:I2CCC26XX_blockingCallback)
                  00008d04    00000008     rtsv7M3_T_le_eabi.lib : errno.c.obj (.text:__aeabi_errno_addr)
                  00008d0c    00000008     drivers_cc26xxware.aem3 : UARTCC26XX.oem3 (.text:readSemCallback)
                  00008d14    00000008                             : UARTCC26XX.oem3 (.text:writeSemCallback)
                  00008d1c    00000008     empty_pem3.oem3 (.text:xdc_runtime_Text_visitRope__I)
                  00008d24    00000006     drivers_cc26xxware.aem3 : I2CCC26XX.oem3 (.text:I2CCC26XX_control)
                  00008d2a    00000006     driverlib.lib : cpu.obj (.text:NOROM_CPUdelay)
                  00008d30    00000006     drivers_cc26xxware.aem3 : UARTCC26XX.oem3 (.text:UARTCC26XX_readPolling)
                  00008d36    00000006                             : UARTCC26XX.oem3 (.text:UARTCC26XX_writePolling)
                  00008d3c    00000004     tirtosport.aem3 : HwiP_tirtos.oem3 (.text:HwiP_disable)
                  00008d40    00000004     drivers_cc26xxware.aem3 : List.oem3 (.text:List_head)
                  00008d44    00000004                             : List.oem3 (.text:List_next)
                  00008d48    00000004                             : PowerCC26XX.oem3 (.text:nopResourceHandler)
                  00008d4c    00000004     rom_sysbios.aem3 : rom_sysbios.obj (.text:ti_sysbios_family_arm_cc26xx_Timer_getCount64__E)
                  00008d50    00000004     empty_pem3.oem3 (.text:xdc_runtime_Startup_reset__I)
                  00008d54    00000004     rom_sysbios.aem3 : rom_sysbios.obj (.text:xdc_runtime_System_printf_va__F)
                  00008d58    00000008     (.tramp.xdc_runtime_Startup_startMods__I.1)
                  00008d60    00000008     (.tramp.ti_sysbios_knl_Clock_logTick__E.1)
                  00008d68    00000008     (.tramp.ti_sysbios_knl_Task_Params__init__S.1)
                  00008d70    00000008     (.tramp.ti_sysbios_BIOS_RtsGateProxy_leave__E.1)
                  00008d78    00000008     (.tramp.ti_sysbios_BIOS_RtsGateProxy_enter__E.1)
                  00008d80    00000008     (.tramp.ti_sysbios_knl_Task_startup__E.1)
                  00008d88    00000008     (.tramp.ti_sysbios_knl_Swi_startup__E.1)
                  00008d90    00000008     (.tramp.ti_sysbios_hal_Hwi_startup__E.1)
                  00008d98    00000008     (.tramp.ti_sysbios_family_arm_cc26xx_Timer_startup__E.1)
                  00008da0    00000008     (.tramp.xdc_runtime_System_atexit__E.1)
                  00008da8    00000008     (.tramp.ti_sysbios_BIOS_setThreadType__E.1)
                  00008db0    00000008     (.tramp.xdc_runtime_Gate_leaveSystem__E.1)
                  00008db8    00000008     (.tramp.xdc_runtime_Gate_enterSystem__E.1)
                  00008dc0    00000008     (.tramp.xdc_runtime_System_exit__E.1)
                  00008dc8    00000008     (.tramp.ti_sysbios_knl_Clock_destruct.1)
                  00008dd0    00000008     (.tramp.ti_sysbios_knl_Semaphore_destruct.1)
                  00008dd8    00000008     (.tramp.ti_sysbios_knl_Swi_destruct.1)
                  00008de0    00000008     (.tramp.ti_sysbios_family_arm_m3_Hwi_destruct.1)
                  00008de8    00000008     (.tramp.ti_sysbios_knl_Clock_scheduleNextTick__E.1)
                  00008df0    00000008     (.tramp.ti_sysbios_knl_Clock_walkQueueDynamic__E.1)
                  00008df8    00000008     (.tramp.ti_sysbios_knl_Clock_TimerProxy_getCurrentTick__E.1)
                  00008e00    00000008     (.tramp.ti_sysbios_knl_Semaphore_post__E.1)
                  00008e08    00000008     (.tramp.ti_sysbios_family_arm_m3_Hwi_enableInterrupt__E.1)
                  00008e10    00000008     (.tramp.ti_sysbios_family_arm_m3_Hwi_disableInterrupt__E.1)
                  00008e18    00000008     (.tramp.ti_sysbios_BIOS_getCpuFreq__E.1)
                  00008e20    00000008     (.tramp.ti_sysbios_knl_Swi_post__E.1)
                  00008e28    00000008     (.tramp.ti_sysbios_knl_Semaphore_pend__E.1)
                  00008e30    00000008     (.tramp.ti_sysbios_knl_Clock_setTimeout__E.1)
                  00008e38    00000008     (.tramp.ti_sysbios_knl_Clock_getTicks__E.1)
                  00008e40    00000008     (.tramp.ti_sysbios_knl_Task_sleep__E.1)
                  00008e48    00000008     (.tramp.ti_sysbios_knl_Clock_start__E.1)
                  00008e50    00000008     (.tramp.xdc_runtime_System_abortSpin__E.1)
                  00008e58    00000008     (.tramp.ti_sysbios_knl_Clock_construct.1)
                  00008e60    00000008     (.tramp.ti_sysbios_knl_Clock_Params__init__S.1)
                  00008e68    00000008     (.tramp.ti_sysbios_family_arm_m3_Hwi_restoreFxn__E.1)
                  00008e70    00000008     (.tramp.ti_sysbios_family_arm_m3_Hwi_disableFxn__E.1)
                  00008e78    00000008     (.tramp.ti_sysbios_knl_Swi_construct.1)
                  00008e80    00000008     (.tramp.ti_sysbios_knl_Swi_Params__init__S.1)
                  00008e88    00000008     (.tramp.ti_sysbios_family_arm_m3_Hwi_construct.1)
                  00008e90    00000008     (.tramp.ti_sysbios_family_arm_m3_Hwi_Params__init__S.1)
                  00008e98    00000008     (.tramp.ti_sysbios_knl_Semaphore_construct.1)
                  00008ea0    00000008     (.tramp.ti_sysbios_knl_Semaphore_Params__init__S.1)
                  00008ea8    00000008     (.tramp.ti_sysbios_knl_Task_restore__E.1)
                  00008eb0    00000008     (.tramp.ti_sysbios_knl_Swi_restore__E.1)
                  00008eb8    00000008     (.tramp.ti_sysbios_knl_Swi_disable__E.1)
                  00008ec0    00000008     (.tramp.ti_sysbios_knl_Task_disable__E.1)
                  00008ec8    00000008     (.tramp.ti_sysbios_BIOS_start__E.1)
                  00008ed0    00000008     (.tramp.ti_sysbios_knl_Task_create.1)
                  00008ed8    00000008     (.tramp.xdc_runtime_System_abort__E.1)

.const     0    00008ee0    000003ea     
                  00008ee0    00000101     rtsv7M3_T_le_eabi.lib : ctype.c.obj (.const:.string:_ctypes_)
                  00008fe1    00000002     project_oma.obj (.const:i2cMPUCfg)
                  00008fe3    00000001     empty_pem3.oem3 (.const:xdc_runtime_Text_charTab__A)
                  00008fe4    00000068     CC2650STK.obj (.const:BoardGpioInitTable)
                  0000904c    0000004c     drivers_cc26xxware.aem3 : PowerCC26XX.oem3 (.const:resourceDB)
                  00009098    00000048     empty_pem3.oem3 (.const:.string)
                  000090e0    00000040     drivers_cc26xxware.aem3 : UARTCC26XX.oem3 (.const)
                  00009120    00000030     rtsv7M3_T_le_eabi.lib : e_pow.c.obj (.const:$O1$$)
                  00009150    00000028     drivers_cc26xxware.aem3 : UARTCC26XX.oem3 (.const:UARTCC26XX_fxnTable)
                  00009178    00000028     empty_pem3.oem3 (.const:xdc_runtime_Startup_sfxnTab__A)
                  000091a0    00000024     drivers_cc26xxware.aem3 : UART.oem3 (.const:UART_defaultParams)
                  000091c4    00000020                             : I2CCC26XX.oem3 (.const)
                  000091e4    00000020     CC2650STK.obj (.const:uartCC26XXHWAttrs)
                  00009204    00000018     CC2650STK.obj (.const:I2C_config)
                  0000921c    00000018     CC2650STK.obj (.const:UART_config)
                  00009234    00000018     CC2650STK.obj (.const:i2cCC26xxHWAttrs)
                  0000924c    00000014     empty_pem3.oem3 (.const:xdc_runtime_Startup_sfxnRts__A)
                  00009260    00000013     project_oma.obj (.const:.string:$P$T0$1)
                  00009273    00000001     --HOLE-- [fill = 0]
                  00009274    00000010     CC2650STK.obj (.const:PowerCC26XX_config)
                  00009284    00000010     drivers_cc26xxware.aem3 : I2C.oem3 (.const)
                  00009294    0000000c     empty_pem3.oem3 (.const:xdc_runtime_Startup_firstFxns__A)
                  000092a0    00000008     CC2650STK.obj (.const:PINCC26XX_hwAttrs)
                  000092a8    00000004     empty_pem3.oem3 (.const:ti_sysbios_knl_Clock_tickPeriod__C)
                  000092ac    00000004     empty_pem3.oem3 (.const:ti_sysbios_knl_Clock_triggerClock__C)
                  000092b0    00000004     empty_pem3.oem3 (.const:ti_sysbios_knl_Idle_funcList__A)
                  000092b4    00000004     empty_pem3.oem3 (.const:xdc_runtime_SysMin_bufSize__C)
                  000092b8    00000004     empty_pem3.oem3 (.const:xdc_runtime_SysMin_outputFunc__C)
                  000092bc    00000004     empty_pem3.oem3 (.const:xdc_runtime_System_extendFxn__C)
                  000092c0    00000004     empty_pem3.oem3 (.const:xdc_runtime_Text_visitRopeFxn__C)
                  000092c4    00000002     empty_pem3.oem3 (.const:xdc_runtime_SysMin_flushAtExit__C)
                  000092c6    00000002     empty_pem3.oem3 (.const:xdc_runtime_Text_registryModsLastId__C)
                  000092c8    00000002     empty_pem3.oem3 (.const:xdc_runtime_Text_unnamedModsLastId__C)

.cinit     0    000092d0    00000298     
                  000092d0    0000015c     (.cinit..data.load) [load image, compression = lzss]
                  0000942c    00000028     (.cinit..data:ti_sysbios_family_arm_m3_Hwi_Module__state__V.load) [load image, compression = lzss]
                  00009454    00000021     (.cinit..data:ti_sysbios_knl_Task_Module__state__V.load) [load image, compression = lzss]
                  00009475    0000001f     (.cinit..data:ti_sysbios_BIOS_Module__state__V.load) [load image, compression = lzss]
                  00009494    0000001b     (.cinit..data:ti_sysbios_knl_Clock_Module__state__V.load) [load image, compression = lzss]
                  000094af    00000010     (.cinit..data:ti_sysbios_knl_Swi_Module__state__V.load) [load image, compression = lzss]
                  000094bf    00000001     --HOLE-- [fill = 0]
                  000094c0    0000000c     (__TI_handler_table)
                  000094cc    0000000b     (.cinit..data:ti_sysbios_family_arm_cc26xx_Timer_Module__state__V.load) [load image, compression = lzss]
                  000094d7    0000000b     (.cinit..data:xdc_runtime_System_Module__state__V.load) [load image, compression = lzss]
                  000094e2    00000006     --HOLE-- [fill = 0]
                  000094e8    00000008     (.cinit..bss.load) [load image, compression = zero_init]
                  000094f0    00000008     (.cinit..data:xdc_runtime_Memory_Module__state__V.load) [load image, compression = lzss]
                  000094f8    00000007     (.cinit..data:ti_sysbios_family_arm_cc26xx_TimestampProvider_Module__state__V.load) [load image, compression = lzss]
                  000094ff    00000007     (.cinit..data:xdc_runtime_Startup_Module__state__V.load) [load image, compression = lzss]
                  00009506    00000002     --HOLE-- [fill = 0]
                  00009508    00000060     (__TI_cinit_table)

.init_array 
*          0    00000000    00000000     UNINITIALIZED

.ccfg      0    0001ffa8    00000058     
                  0001ffa8    00000058     ccfg.obj (.ccfg:retain)

.const:ti_sysbios_knl_Task_Object__PARAMS__C 
*          0    00000100    0000003c     
                  00000100    0000003c     empty_pem3.oem3 (.const:ti_sysbios_knl_Task_Object__PARAMS__C)

.const:ti_sysbios_knl_Mailbox_Object__PARAMS__C 
*          0    0000013c    00000034     
                  0000013c    00000034     empty_pem3.oem3 (.const:ti_sysbios_knl_Mailbox_Object__PARAMS__C)

.const:ti_sysbios_family_arm_m3_Hwi_Object__PARAMS__C 
*          0    00000170    00000030     
                  00000170    00000030     empty_pem3.oem3 (.const:ti_sysbios_family_arm_m3_Hwi_Object__PARAMS__C)

.const:ti_sysbios_hal_Hwi_Object__PARAMS__C 
*          0    000001a0    0000002c     
                  000001a0    0000002c     empty_pem3.oem3 (.const:ti_sysbios_hal_Hwi_Object__PARAMS__C)

.const:ti_sysbios_heaps_HeapMem_Module__FXNS__C 
*          0    000001cc    00000028     
                  000001cc    00000028     empty_pem3.oem3 (.const:ti_sysbios_heaps_HeapMem_Module__FXNS__C)

.const:ti_sysbios_knl_Swi_Object__PARAMS__C 
*          0    000001f4    00000028     
                  000001f4    00000028     empty_pem3.oem3 (.const:ti_sysbios_knl_Swi_Object__PARAMS__C)

.const:ti_sysbios_gates_GateHwi_Module__FXNS__C 
*          0    0000021c    00000024     
                  0000021c    00000024     empty_pem3.oem3 (.const:ti_sysbios_gates_GateHwi_Module__FXNS__C)

.const:ti_sysbios_gates_GateMutex_Module__FXNS__C 
*          0    00000240    00000024     
                  00000240    00000024     empty_pem3.oem3 (.const:ti_sysbios_gates_GateMutex_Module__FXNS__C)

.const:ti_sysbios_heaps_HeapMem_Object__PARAMS__C 
*          0    00000264    00000024     
                  00000264    00000024     empty_pem3.oem3 (.const:ti_sysbios_heaps_HeapMem_Object__PARAMS__C)

.const:ti_sysbios_knl_Clock_Object__PARAMS__C 
*          0    00000288    00000024     
                  00000288    00000024     empty_pem3.oem3 (.const:ti_sysbios_knl_Clock_Object__PARAMS__C)

.const:ti_sysbios_knl_Semaphore_Object__PARAMS__C 
*          0    000002ac    00000024     
                  000002ac    00000024     empty_pem3.oem3 (.const:ti_sysbios_knl_Semaphore_Object__PARAMS__C)

.const:ti_sysbios_family_arm_m3_Hwi_Object__DESC__C 
*          0    000002d0    00000020     
                  000002d0    00000020     empty_pem3.oem3 (.const:ti_sysbios_family_arm_m3_Hwi_Object__DESC__C)

.const:ti_sysbios_gates_GateHwi_Object__DESC__C 
*          0    000002f0    00000020     
                  000002f0    00000020     empty_pem3.oem3 (.const:ti_sysbios_gates_GateHwi_Object__DESC__C)

.const:ti_sysbios_gates_GateMutex_Object__DESC__C 
*          0    00000310    00000020     
                  00000310    00000020     empty_pem3.oem3 (.const:ti_sysbios_gates_GateMutex_Object__DESC__C)

.const:ti_sysbios_hal_Hwi_Object__DESC__C 
*          0    00000330    00000020     
                  00000330    00000020     empty_pem3.oem3 (.const:ti_sysbios_hal_Hwi_Object__DESC__C)

.const:ti_sysbios_heaps_HeapMem_Object__DESC__C 
*          0    00000350    00000020     
                  00000350    00000020     empty_pem3.oem3 (.const:ti_sysbios_heaps_HeapMem_Object__DESC__C)

.const:ti_sysbios_knl_Clock_Object__DESC__C 
*          0    00000370    00000020     
                  00000370    00000020     empty_pem3.oem3 (.const:ti_sysbios_knl_Clock_Object__DESC__C)

.const:ti_sysbios_knl_Mailbox_Object__DESC__C 
*          0    00000390    00000020     
                  00000390    00000020     empty_pem3.oem3 (.const:ti_sysbios_knl_Mailbox_Object__DESC__C)

.const:ti_sysbios_knl_Queue_Object__DESC__C 
*          0    000003b0    00000020     
                  000003b0    00000020     empty_pem3.oem3 (.const:ti_sysbios_knl_Queue_Object__DESC__C)

.const:ti_sysbios_knl_Semaphore_Object__DESC__C 
*          0    000003d0    00000020     
                  000003d0    00000020     empty_pem3.oem3 (.const:ti_sysbios_knl_Semaphore_Object__DESC__C)

.const:ti_sysbios_knl_Swi_Object__DESC__C 
*          0    000003f0    00000020     
                  000003f0    00000020     empty_pem3.oem3 (.const:ti_sysbios_knl_Swi_Object__DESC__C)

.const:ti_sysbios_knl_Task_Object__DESC__C 
*          0    00000410    00000020     
                  00000410    00000020     empty_pem3.oem3 (.const:ti_sysbios_knl_Task_Object__DESC__C)

.const:ti_sysbios_gates_GateHwi_Object__PARAMS__C 
*          0    00000430    00000018     
                  00000430    00000018     empty_pem3.oem3 (.const:ti_sysbios_gates_GateHwi_Object__PARAMS__C)

.const:ti_sysbios_gates_GateMutex_Object__PARAMS__C 
*          0    00000448    00000018     
                  00000448    00000018     empty_pem3.oem3 (.const:ti_sysbios_gates_GateMutex_Object__PARAMS__C)

.const:ti_sysbios_knl_Queue_Object__PARAMS__C 
*          0    00000460    00000018     
                  00000460    00000018     empty_pem3.oem3 (.const:ti_sysbios_knl_Queue_Object__PARAMS__C)

.const:ti_sysbios_knl_Idle_funcList__C 
*          0    00000478    00000008     
                  00000478    00000008     empty_pem3.oem3 (.const:ti_sysbios_knl_Idle_funcList__C)

.const:ti_sysbios_family_arm_cc26xx_Timer_startupNeeded__C 
*          0    00000484    00000004     
                  00000484    00000004     empty_pem3.oem3 (.const:ti_sysbios_family_arm_cc26xx_Timer_startupNeeded__C)

.const:ti_sysbios_family_arm_m3_Hwi_E_alreadyDefined__C 
*          0    00000488    00000004     
                  00000488    00000004     empty_pem3.oem3 (.const:ti_sysbios_family_arm_m3_Hwi_E_alreadyDefined__C)

.const:ti_sysbios_family_arm_m3_Hwi_E_hwiLimitExceeded__C 
*          0    0000048c    00000004     
                  0000048c    00000004     empty_pem3.oem3 (.const:ti_sysbios_family_arm_m3_Hwi_E_hwiLimitExceeded__C)

.const:ti_sysbios_family_arm_m3_Hwi_NUM_INTERRUPTS__C 
*          0    00000490    00000004     
                  00000490    00000004     empty_pem3.oem3 (.const:ti_sysbios_family_arm_m3_Hwi_NUM_INTERRUPTS__C)

.const:ti_sysbios_family_arm_m3_Hwi_Object__count__C 
*          0    00000494    00000004     
                  00000494    00000004     empty_pem3.oem3 (.const:ti_sysbios_family_arm_m3_Hwi_Object__count__C)

.const:ti_sysbios_family_arm_m3_Hwi_Object__table__C 
*          0    00000498    00000004     
                  00000498    00000004     empty_pem3.oem3 (.const:ti_sysbios_family_arm_m3_Hwi_Object__table__C)

.const:ti_sysbios_family_arm_m3_Hwi_ccr__C 
*          0    0000049c    00000004     
                  0000049c    00000004     empty_pem3.oem3 (.const:ti_sysbios_family_arm_m3_Hwi_ccr__C)

.const:ti_sysbios_family_arm_m3_Hwi_excHandlerFunc__C 
*          0    000004a0    00000004     
                  000004a0    00000004     empty_pem3.oem3 (.const:ti_sysbios_family_arm_m3_Hwi_excHandlerFunc__C)

.const:ti_sysbios_family_arm_m3_Hwi_nullIsrFunc__C 
*          0    000004a4    00000004     
                  000004a4    00000004     empty_pem3.oem3 (.const:ti_sysbios_family_arm_m3_Hwi_nullIsrFunc__C)

.const:ti_sysbios_family_arm_m3_Hwi_numSparseInterrupts__C 
*          0    000004a8    00000004     
                  000004a8    00000004     empty_pem3.oem3 (.const:ti_sysbios_family_arm_m3_Hwi_numSparseInterrupts__C)

.const:ti_sysbios_family_arm_m3_Hwi_priGroup__C 
*          0    000004ac    00000004     
                  000004ac    00000004     empty_pem3.oem3 (.const:ti_sysbios_family_arm_m3_Hwi_priGroup__C)

.const:ti_sysbios_family_arm_m3_TaskSupport_stackAlignment__C 
*          0    000004b0    00000004     
                  000004b0    00000004     empty_pem3.oem3 (.const:ti_sysbios_family_arm_m3_TaskSupport_stackAlignment__C)

.const:ti_sysbios_heaps_HeapMem_E_memory__C 
*          0    000004b4    00000004     
                  000004b4    00000004     empty_pem3.oem3 (.const:ti_sysbios_heaps_HeapMem_E_memory__C)

.const:ti_sysbios_heaps_HeapMem_Module__gateObj__C 
*          0    000004b8    00000004     
                  000004b8    00000004     empty_pem3.oem3 (.const:ti_sysbios_heaps_HeapMem_Module__gateObj__C)

.const:ti_sysbios_heaps_HeapMem_Object__count__C 
*          0    000004bc    00000004     
                  000004bc    00000004     empty_pem3.oem3 (.const:ti_sysbios_heaps_HeapMem_Object__count__C)

.const:ti_sysbios_heaps_HeapMem_Object__table__C 
*          0    000004c0    00000004     
                  000004c0    00000004     empty_pem3.oem3 (.const:ti_sysbios_heaps_HeapMem_Object__table__C)

.const:ti_sysbios_heaps_HeapMem_reqAlign__C 
*          0    000004c4    00000004     
                  000004c4    00000004     empty_pem3.oem3 (.const:ti_sysbios_heaps_HeapMem_reqAlign__C)

.const:ti_sysbios_knl_Clock_serviceMargin__C 
*          0    000004c8    00000004     
                  000004c8    00000004     empty_pem3.oem3 (.const:ti_sysbios_knl_Clock_serviceMargin__C)

.const:ti_sysbios_knl_Mailbox_Object__count__C 
*          0    000004cc    00000004     
                  000004cc    00000004     empty_pem3.oem3 (.const:ti_sysbios_knl_Mailbox_Object__count__C)

.const:ti_sysbios_knl_Mailbox_Object__table__C 
*          0    000004d0    00000004     
                  000004d0    00000004     empty_pem3.oem3 (.const:ti_sysbios_knl_Mailbox_Object__table__C)

.const:ti_sysbios_knl_Queue_Object__count__C 
*          0    000004d4    00000004     
                  000004d4    00000004     empty_pem3.oem3 (.const:ti_sysbios_knl_Queue_Object__count__C)

.const:ti_sysbios_knl_Queue_Object__table__C 
*          0    000004d8    00000004     
                  000004d8    00000004     empty_pem3.oem3 (.const:ti_sysbios_knl_Queue_Object__table__C)

.const:ti_sysbios_knl_Swi_Object__count__C 
*          0    000004dc    00000004     
                  000004dc    00000004     empty_pem3.oem3 (.const:ti_sysbios_knl_Swi_Object__count__C)

.const:ti_sysbios_knl_Swi_Object__table__C 
*          0    000004e0    00000004     
                  000004e0    00000004     empty_pem3.oem3 (.const:ti_sysbios_knl_Swi_Object__table__C)

.const:ti_sysbios_knl_Swi_numPriorities__C 
*          0    000004e4    00000004     
                  000004e4    00000004     empty_pem3.oem3 (.const:ti_sysbios_knl_Swi_numPriorities__C)

.const:ti_sysbios_knl_Task_Object__count__C 
*          0    000004e8    00000004     
                  000004e8    00000004     empty_pem3.oem3 (.const:ti_sysbios_knl_Task_Object__count__C)

.const:ti_sysbios_knl_Task_Object__table__C 
*          0    000004ec    00000004     
                  000004ec    00000004     empty_pem3.oem3 (.const:ti_sysbios_knl_Task_Object__table__C)

.const:ti_sysbios_knl_Task_allBlockedFunc__C 
*          0    000004f0    00000004     
                  000004f0    00000004     empty_pem3.oem3 (.const:ti_sysbios_knl_Task_allBlockedFunc__C)

.const:ti_sysbios_knl_Task_defaultStackHeap__C 
*          0    000004f4    00000004     
                  000004f4    00000004     empty_pem3.oem3 (.const:ti_sysbios_knl_Task_defaultStackHeap__C)

.const:ti_sysbios_knl_Task_defaultStackSize__C 
*          0    000004f8    00000004     
                  000004f8    00000004     empty_pem3.oem3 (.const:ti_sysbios_knl_Task_defaultStackSize__C)

.const:ti_sysbios_knl_Task_numConstructedTasks__C 
*          0    000004fc    00000004     
                  000004fc    00000004     empty_pem3.oem3 (.const:ti_sysbios_knl_Task_numConstructedTasks__C)

.const:ti_sysbios_family_arm_cc26xx_Timer_Module__id__C 
*          0    00000502    00000002     
                  00000502    00000002     empty_pem3.oem3 (.const:ti_sysbios_family_arm_cc26xx_Timer_Module__id__C)

.const:ti_sysbios_family_arm_cc26xx_TimestampProvider_useClockTimer__C 
*          0    00000504    00000002     
                  00000504    00000002     empty_pem3.oem3 (.const:ti_sysbios_family_arm_cc26xx_TimestampProvider_useClockTimer__C)

.const:ti_sysbios_family_arm_m3_Hwi_Module__id__C 
*          0    00000506    00000002     
                  00000506    00000002     empty_pem3.oem3 (.const:ti_sysbios_family_arm_m3_Hwi_Module__id__C)

.const:ti_sysbios_gates_GateHwi_Module__id__C 
*          0    00000508    00000002     
                  00000508    00000002     empty_pem3.oem3 (.const:ti_sysbios_gates_GateHwi_Module__id__C)

.const:ti_sysbios_gates_GateMutex_Module__id__C 
*          0    0000050a    00000002     
                  0000050a    00000002     empty_pem3.oem3 (.const:ti_sysbios_gates_GateMutex_Module__id__C)

.const:ti_sysbios_heaps_HeapMem_Module__id__C 
*          0    0000050c    00000002     
                  0000050c    00000002     empty_pem3.oem3 (.const:ti_sysbios_heaps_HeapMem_Module__id__C)

.const:ti_sysbios_knl_Task_initStackFlag__C 
*          0    0000050e    00000002     
                  0000050e    00000002     empty_pem3.oem3 (.const:ti_sysbios_knl_Task_initStackFlag__C)

.const:ti_sysbios_knl_Clock_tickMode__C 
*          0    00000510    00000001     
                  00000510    00000001     empty_pem3.oem3 (.const:ti_sysbios_knl_Clock_tickMode__C)

.const:xdc_runtime_Startup_firstFxns__C 
*          0    00000514    00000008     
                  00000514    00000008     empty_pem3.oem3 (.const:xdc_runtime_Startup_firstFxns__C)

.const:xdc_runtime_Startup_lastFxns__C 
*          0    0000051c    00000008     
                  0000051c    00000008     empty_pem3.oem3 (.const:xdc_runtime_Startup_lastFxns__C)

.const:xdc_runtime_Assert_E_assertFailed__C 
*          0    00000524    00000004     
                  00000524    00000004     empty_pem3.oem3 (.const:xdc_runtime_Assert_E_assertFailed__C)

.const:xdc_runtime_Error_E_memory__C 
*          0    00000528    00000004     
                  00000528    00000004     empty_pem3.oem3 (.const:xdc_runtime_Error_E_memory__C)

.const:xdc_runtime_Error_policyFxn__C 
*          0    0000052c    00000004     
                  0000052c    00000004     empty_pem3.oem3 (.const:xdc_runtime_Error_policyFxn__C)

.const:xdc_runtime_IGateProvider_Interface__BASE__C 
*          0    00000530    00000004     
                  00000530    00000004     empty_pem3.oem3 (.const:xdc_runtime_IGateProvider_Interface__BASE__C)

.const:xdc_runtime_IHeap_Interface__BASE__C 
*          0    00000534    00000004     
                  00000534    00000004     empty_pem3.oem3 (.const:xdc_runtime_IHeap_Interface__BASE__C)

.const:xdc_runtime_IModule_Interface__BASE__C 
*          0    00000538    00000004     
                  00000538    00000004     empty_pem3.oem3 (.const:xdc_runtime_IModule_Interface__BASE__C)

.const:xdc_runtime_Main_Module__diagsEnabled__C 
*          0    0000053c    00000004     
                  0000053c    00000004     empty_pem3.oem3 (.const:xdc_runtime_Main_Module__diagsEnabled__C)

.const:xdc_runtime_Main_Module__diagsIncluded__C 
*          0    00000540    00000004     
                  00000540    00000004     empty_pem3.oem3 (.const:xdc_runtime_Main_Module__diagsIncluded__C)

.const:xdc_runtime_Main_Module__diagsMask__C 
*          0    00000544    00000004     
                  00000544    00000004     empty_pem3.oem3 (.const:xdc_runtime_Main_Module__diagsMask__C)

.const:xdc_runtime_Memory_defaultHeapInstance__C 
*          0    00000548    00000004     
                  00000548    00000004     empty_pem3.oem3 (.const:xdc_runtime_Memory_defaultHeapInstance__C)

.const:xdc_runtime_Startup_execImpl__C 
*          0    0000054c    00000004     
                  0000054c    00000004     empty_pem3.oem3 (.const:xdc_runtime_Startup_execImpl__C)

.const:xdc_runtime_Startup_maxPasses__C 
*          0    00000550    00000004     
                  00000550    00000004     empty_pem3.oem3 (.const:xdc_runtime_Startup_maxPasses__C)

.const:xdc_runtime_Startup_sfxnRts__C 
*          0    00000554    00000004     
                  00000554    00000004     empty_pem3.oem3 (.const:xdc_runtime_Startup_sfxnRts__C)

.const:xdc_runtime_Startup_sfxnTab__C 
*          0    00000558    00000004     
                  00000558    00000004     empty_pem3.oem3 (.const:xdc_runtime_Startup_sfxnTab__C)

.const:xdc_runtime_Startup_startModsFxn__C 
*          0    0000055c    00000004     
                  0000055c    00000004     empty_pem3.oem3 (.const:xdc_runtime_Startup_startModsFxn__C)

.const:xdc_runtime_SysCallback_abortFxn__C 
*          0    00000560    00000004     
                  00000560    00000004     empty_pem3.oem3 (.const:xdc_runtime_SysCallback_abortFxn__C)

.const:xdc_runtime_SysCallback_exitFxn__C 
*          0    00000564    00000004     
                  00000564    00000004     empty_pem3.oem3 (.const:xdc_runtime_SysCallback_exitFxn__C)

.const:xdc_runtime_System_abortFxn__C 
*          0    00000568    00000004     
                  00000568    00000004     empty_pem3.oem3 (.const:xdc_runtime_System_abortFxn__C)

.const:xdc_runtime_System_exitFxn__C 
*          0    0000056c    00000004     
                  0000056c    00000004     empty_pem3.oem3 (.const:xdc_runtime_System_exitFxn__C)

.const:xdc_runtime_System_maxAtexitHandlers__C 
*          0    00000570    00000004     
                  00000570    00000004     empty_pem3.oem3 (.const:xdc_runtime_System_maxAtexitHandlers__C)

.const:xdc_runtime_Text_charTab__C 
*          0    00000574    00000004     
                  00000574    00000004     empty_pem3.oem3 (.const:xdc_runtime_Text_charTab__C)

.const:xdc_runtime_Text_nameEmpty__C 
*          0    00000578    00000004     
                  00000578    00000004     empty_pem3.oem3 (.const:xdc_runtime_Text_nameEmpty__C)

.const:xdc_runtime_Text_nameStatic__C 
*          0    0000057c    00000004     
                  0000057c    00000004     empty_pem3.oem3 (.const:xdc_runtime_Text_nameStatic__C)

.const:xdc_runtime_Text_nameUnknown__C 
*          0    00000580    00000004     
                  00000580    00000004     empty_pem3.oem3 (.const:xdc_runtime_Text_nameUnknown__C)

.const:xdc_runtime_Main_Module__id__C 
*          0    00000584    00000002     
                  00000584    00000002     empty_pem3.oem3 (.const:xdc_runtime_Main_Module__id__C)

.const:xdc_runtime_Memory_Module__id__C 
*          0    00000586    00000002     
                  00000586    00000002     empty_pem3.oem3 (.const:xdc_runtime_Memory_Module__id__C)

.const:xdc_runtime_Text_charCnt__C 
*          0    00000588    00000002     
                  00000588    00000002     empty_pem3.oem3 (.const:xdc_runtime_Text_charCnt__C)

.const:xdc_runtime_Text_isLoaded__C 
*          0    0000058a    00000002     
                  0000058a    00000002     empty_pem3.oem3 (.const:xdc_runtime_Text_isLoaded__C)

.const:ti_sysbios_rom_ROM_AONRTCChannelEnable 
*          0    00000590    00000004     
                  00000590    00000004     empty_pem3.oem3 (.const:ti_sysbios_rom_ROM_AONRTCChannelEnable)

.const:ti_sysbios_rom_ROM_AONRTCCompareValueSet 
*          0    00000594    00000004     
                  00000594    00000004     empty_pem3.oem3 (.const:ti_sysbios_rom_ROM_AONRTCCompareValueSet)

.const:ti_sysbios_rom_ROM_AONRTCCurrentCompareValueGet 
*          0    00000598    00000004     
                  00000598    00000004     empty_pem3.oem3 (.const:ti_sysbios_rom_ROM_AONRTCCurrentCompareValueGet)

.const:ti_sysbios_rom_ROM_AONRTCEventClear 
*          0    0000059c    00000004     
                  0000059c    00000004     empty_pem3.oem3 (.const:ti_sysbios_rom_ROM_AONRTCEventClear)

.const:ti_sysbios_rom_ROM_ti_sysbios_family_arm_cc26xx_Timer_getCount64__E 
*          0    000005a0    00000004     
                  000005a0    00000004     empty_pem3.oem3 (.const:ti_sysbios_rom_ROM_ti_sysbios_family_arm_cc26xx_Timer_getCount64__E)

.const:ti_sysbios_rom_ROM_ti_sysbios_family_arm_cc26xx_Timer_getCurrentTick__E 
*          0    000005a4    00000004     
                  000005a4    00000004     empty_pem3.oem3 (.const:ti_sysbios_rom_ROM_ti_sysbios_family_arm_cc26xx_Timer_getCurrentTick__E)

.const:ti_sysbios_rom_ROM_ti_sysbios_family_arm_cc26xx_Timer_getMaxTicks__E 
*          0    000005a8    00000004     
                  000005a8    00000004     empty_pem3.oem3 (.const:ti_sysbios_rom_ROM_ti_sysbios_family_arm_cc26xx_Timer_getMaxTicks__E)

.const:ti_sysbios_rom_ROM_ti_sysbios_family_arm_cc26xx_Timer_setNextTick__E 
*          0    000005b0    00000004     
                  000005b0    00000004     empty_pem3.oem3 (.const:ti_sysbios_rom_ROM_ti_sysbios_family_arm_cc26xx_Timer_setNextTick__E)

.const:ti_sysbios_rom_ROM_ti_sysbios_family_arm_cc26xx_Timer_setThreshold__I 
*          0    000005b4    00000004     
                  000005b4    00000004     empty_pem3.oem3 (.const:ti_sysbios_rom_ROM_ti_sysbios_family_arm_cc26xx_Timer_setThreshold__I)

.const:ti_sysbios_rom_ROM_ti_sysbios_family_arm_cc26xx_Timer_start__E 
*          0    000005b8    00000004     
                  000005b8    00000004     empty_pem3.oem3 (.const:ti_sysbios_rom_ROM_ti_sysbios_family_arm_cc26xx_Timer_start__E)

.const:ti_sysbios_rom_ROM_ti_sysbios_family_arm_cc26xx_TimestampProvider_get32__E 
*          0    000005bc    00000004     
                  000005bc    00000004     empty_pem3.oem3 (.const:ti_sysbios_rom_ROM_ti_sysbios_family_arm_cc26xx_TimestampProvider_get32__E)

.const:ti_sysbios_rom_ROM_xdc_runtime_Startup_getState__I 
*          0    000005c0    00000004     
                  000005c0    00000004     empty_pem3.oem3 (.const:ti_sysbios_rom_ROM_xdc_runtime_Startup_getState__I)

.const:ti_sysbios_rom_ROM_xdc_runtime_System_SupportProxy_abort__E 
*          0    000005c4    00000004     
                  000005c4    00000004     empty_pem3.oem3 (.const:ti_sysbios_rom_ROM_xdc_runtime_System_SupportProxy_abort__E)

.const:ti_sysbios_rom_ROM_xdc_runtime_System_SupportProxy_exit__E 
*          0    000005c8    00000004     
                  000005c8    00000004     empty_pem3.oem3 (.const:ti_sysbios_rom_ROM_xdc_runtime_System_SupportProxy_exit__E)

.const:ti_sysbios_knl_Clock_Module_State_clockQ__O 
*          0    000005d0    00000004     
                  000005d0    00000004     empty_pem3.oem3 (.const:ti_sysbios_knl_Clock_Module_State_clockQ__O)

.const:ti_sysbios_knl_Mailbox_Instance_State_dataSem__O 
*          0    000005d8    00000004     
                  000005d8    00000004     empty_pem3.oem3 (.const:ti_sysbios_knl_Mailbox_Instance_State_dataSem__O)

.const:ti_sysbios_knl_Mailbox_Instance_State_freeQue__O 
*          0    000005dc    00000004     
                  000005dc    00000004     empty_pem3.oem3 (.const:ti_sysbios_knl_Mailbox_Instance_State_freeQue__O)

.const:ti_sysbios_knl_Mailbox_Instance_State_freeSem__O 
*          0    000005e0    00000004     
                  000005e0    00000004     empty_pem3.oem3 (.const:ti_sysbios_knl_Mailbox_Instance_State_freeSem__O)

.const:ti_sysbios_knl_Semaphore_Instance_State_pendQ__O 
*          0    000005e4    00000004     
                  000005e4    00000004     empty_pem3.oem3 (.const:ti_sysbios_knl_Semaphore_Instance_State_pendQ__O)

.data:ti_sysbios_knl_Task_Module__state__V 
*          0    20000100    00000044     UNINITIALIZED
                  20000100    00000044     empty_pem3.oem3 (.data:ti_sysbios_knl_Task_Module__state__V)

.data:ti_sysbios_family_arm_m3_Hwi_Module__state__V 
*          0    20000144    00000034     UNINITIALIZED
                  20000144    00000034     empty_pem3.oem3 (.data:ti_sysbios_family_arm_m3_Hwi_Module__state__V)

.data:ti_sysbios_BIOS_Module__state__V 
*          0    200001a4    00000024     UNINITIALIZED
                  200001a4    00000024     empty_pem3.oem3 (.data:ti_sysbios_BIOS_Module__state__V)

.data:ti_sysbios_knl_Swi_Module__state__V 
*          0    200001c8    0000001c     UNINITIALIZED
                  200001c8    0000001c     empty_pem3.oem3 (.data:ti_sysbios_knl_Swi_Module__state__V)

.data:ti_sysbios_family_arm_cc26xx_Timer_Module__state__V 
*          0    200001e4    00000008     UNINITIALIZED
                  200001e4    00000008     empty_pem3.oem3 (.data:ti_sysbios_family_arm_cc26xx_Timer_Module__state__V)

.data:xdc_runtime_System_Module__state__V 
*          0    200001f8    00000008     UNINITIALIZED
                  200001f8    00000008     empty_pem3.oem3 (.data:xdc_runtime_System_Module__state__V)

.bss       0    20000208    0000245f     UNINITIALIZED
[...]
1001c237  ti_sysbios_knl_Swi_Module_startup__E                                      
1001c23d  ti_sysbios_knl_Swi_startup__E                                             
1001c243  ti_sysbios_knl_Task_enable__E                                             
1001c249  ti_sysbios_BIOS_RtsGateProxy_enter__E                                     
1001c24d  ti_sysbios_BIOS_RtsGateProxy_leave__E                                     
1001c251  ti_sysbios_family_arm_cc26xx_Timer_getExpiredTicks__E                     
1001c255  ti_sysbios_family_arm_cc26xx_Timer_getPeriod__E                           
1001c259  ti_sysbios_family_arm_cc26xx_Timer_setPeriod__E                           
1001c25d  ti_sysbios_family_arm_m3_Hwi_delete                                       
1001c261  ti_sysbios_family_arm_m3_Hwi_destruct                                     
1001c265  ti_sysbios_family_arm_m3_TaskSupport_Module__startupDone__S               
1001c265  ti_sysbios_knl_Task_SupportProxy_Module__startupDone__S__mangled__        
1001c269  ti_sysbios_gates_GateHwi_query__E                                         
1001c269  xdc_runtime_Main_Module_GateProxy_query__E                                
1001c269  xdc_runtime_System_Module_GateProxy_query__E                              
1001c269  xdc_runtime_System_Module_GateProxy_query__E__mangled__                   
1001c26d  ti_sysbios_gates_GateMutex_delete                                         
1001c271  ti_sysbios_gates_GateMutex_destruct                                       
1001c275  ti_sysbios_BIOS_RtsGateProxy_query__E                                     
1001c275  ti_sysbios_BIOS_RtsGateProxy_query__E__mangled__                          
1001c275  ti_sysbios_gates_GateMutex_query__E                                       
1001c275  ti_sysbios_heaps_HeapMem_Module_GateProxy_query__E                        
1001c275  ti_sysbios_heaps_HeapMem_Module_GateProxy_query__E__mangled__             
1001c279  ti_sysbios_hal_Hwi_HwiProxy_Module__startupDone__S                        
1001c27d  ti_sysbios_hal_Hwi_HwiProxy_delete                                        
1001c281  ti_sysbios_hal_Hwi_HwiProxy_disableInterrupt__E                           
1001c281  ti_sysbios_hal_Hwi_disableInterrupt__E                                    
1001c281  ti_sysbios_hal_Hwi_disableInterrupt__E                                    
1001c285  ti_sysbios_hal_Hwi_HwiProxy_enableInterrupt__E                            
1001c285  ti_sysbios_hal_Hwi_enableInterrupt__E                                     
1001c285  ti_sysbios_hal_Hwi_enableInterrupt__E                                     
1001c289  ti_sysbios_hal_Hwi_HwiProxy_getStackInfo__E                               
1001c289  ti_sysbios_hal_Hwi_getStackInfo__E                                        
1001c289  ti_sysbios_hal_Hwi_getStackInfo__E                                        
1001c28d  ti_sysbios_hal_Hwi_HwiProxy_startup__E                                    
1001c28d  ti_sysbios_hal_Hwi_startup__E                                             
1001c28d  ti_sysbios_hal_Hwi_startup__E                                             
1001c291  ti_sysbios_hal_Hwi_HwiProxy_switchFromBootStack__E                        
1001c295  ti_sysbios_hal_Hwi_delete                                                 
1001c299  ti_sysbios_hal_Hwi_switchFromBootStack__E                                 
1001c299  ti_sysbios_hal_Hwi_switchFromBootStack__E                                 
1001c29d  ti_sysbios_heaps_HeapMem_Module_GateProxy_enter__E                        
1001c2a1  ti_sysbios_heaps_HeapMem_Module_GateProxy_leave__E                        
1001c2a5  ti_sysbios_heaps_HeapMem_isBlocking__E                                    
1001c2a9  ti_sysbios_knl_Clock_TimerProxy_Module__startupDone__S                    
1001c2ad  ti_sysbios_knl_Clock_TimerProxy_getExpiredTicks__E                        
1001c2b1  ti_sysbios_knl_Clock_TimerProxy_getPeriod__E                              
1001c2b5  ti_sysbios_knl_Clock_delete                                               
1001c2b9  ti_sysbios_knl_Clock_destruct                                             
1001c2bd  ti_sysbios_knl_Clock_removeI__E                                           
1001c2c1  ti_sysbios_knl_Clock_setTimeout__E                                        
1001c2c5  ti_sysbios_knl_Mailbox_delete                                             
1001c2c9  ti_sysbios_knl_Mailbox_destruct                                           
1001c2cd  ti_sysbios_knl_Queue_delete                                               
1001c2d1  ti_sysbios_knl_Queue_destruct                                             
1001c2d5  ti_sysbios_knl_Queue_head__E                                              
1001c2d9  ti_sysbios_knl_Queue_next__E                                              
1001c2dd  ti_sysbios_knl_Semaphore_delete                                           
1001c2e1  ti_sysbios_knl_Semaphore_destruct                                         
1001c2e5  ti_sysbios_knl_Swi_delete                                                 
1001c2e9  ti_sysbios_knl_Swi_destruct                                               
1001c2ed  ti_sysbios_knl_Swi_postInit__I                                            
1001c2f1  ti_sysbios_knl_Task_SupportProxy_Module__startupDone__S                   
1001c2f5  ti_sysbios_knl_Task_SupportProxy_getStackAlignment__E                     
1001c2f9  ti_sysbios_knl_Task_SupportProxy_start__E                                 
1001c2fd  ti_sysbios_knl_Task_SupportProxy_swap__E                                  
1001c301  ti_sysbios_knl_Task_delete                                                
1001c305  ti_sysbios_knl_Task_destruct                                              
1001c309  ti_sysbios_knl_Task_startup__E                                            
1001c30d  xdc_runtime_Startup_startMods__I                                          
1001c405  xdc_runtime_Core_createObject__I                                          
1001c487  xdc_runtime_Error_policySpin__E                                           
1001c489  xdc_runtime_Memory_alloc__E                                               
1001c4f9  xdc_runtime_Core_deleteObject__I                                          
1001c559  xdc_runtime_Startup_exec__E                                               
1001c5a9  xdc_runtime_Assert_raise__I                                               
1001c5f1  xdc_runtime_Core_assignParams__I                                          
1001c639  xdc_runtime_Core_constructObject__I                                       
1001c681  xdc_runtime_System_atexit__E                                              
1001c6b9  xdc_runtime_System_processAtExit__E                                       
1001c6ed  xdc_runtime_Core_assignLabel__I                                           
1001c71d  xdc_runtime_Text_cordText__E                                              
1001c749  xdc_runtime_System_abort__E                                               
1001c769  xdc_runtime_Error_raiseX__E                                               
1001c785  xdc_runtime_Memory_valloc__E                                              
1001c7a1  xdc_runtime_Core_destructObject__I                                        
1001c7b9  xdc_runtime_Error_check__E                                                
1001c7d1  xdc_runtime_System_exit__E                                                
1001c7e9  xdc_runtime_Text_ropeText__E                                              
1001c801  xdc_runtime_Memory_free__E                                                
1001c811  xdc_runtime_SysCallback_abort__E                                          
1001c821  xdc_runtime_SysCallback_exit__E                                           
1001c831  xdc_runtime_Timestamp_SupportProxy_get32__E                               
1001c831  xdc_runtime_Timestamp_get32__E                                            
1001c831  xdc_runtime_Timestamp_get32__E                                            
1001c841  xdc_runtime_Error_init__E                                                 
1001c84d  xdc_runtime_Memory_calloc__E                                              
1001c859  xdc_runtime_Memory_getMaxDefaultTypeAlign__E                              
1001c879  xdc_runtime_Gate_leaveSystem__E                                           
1001c87f  xdc_runtime_System_Module_startup__E                                      
1001c885  xdc_runtime_Gate_enterSystem__E                                           
1001c889  xdc_runtime_Memory_HeapProxy_alloc__E                                     
1001c88d  xdc_runtime_Memory_HeapProxy_free__E                                      
1001c891  xdc_runtime_System_Module_GateProxy_enter__E                              
1001c895  xdc_runtime_System_Module_GateProxy_leave__E                              
1001c899  xdc_runtime_System_abortSpin__E                                           
1001c89b  xdc_runtime_System_exitSpin__E                                            
1001c89d  ti_sysbios_family_arm_m3_Hwi_dispatch__I                                  
1001c96d  ti_sysbios_family_arm_m3_TaskSupport_buildTaskStack                       
1001c9b9  ti_sysbios_family_arm_m3_Hwi_initStacks__E                                
1001ca01  ti_sysbios_family_arm_m3_Hwi_excHandlerAsm__I                             
1001ca21  ti_sysbios_family_xxx_Hwi_switchAndRunFunc                                
1001ca3f  ti_sysbios_family_arm_m3_Hwi_pendSV__I                                    
1001ca57  ti_sysbios_family_arm_m3_Hwi_return                                       
1001ca59  ti_sysbios_family_arm_m3_TaskSupport_glue                                 
1001ca69  ti_sysbios_family_arm_m3_TaskSupport_swap__E                              
1001ca69  ti_sysbios_knl_Task_SupportProxy_swap__E__mangled__                       
1001ca71  ti_sysbios_knl_Task_swapReturn                                            
1001ca9b  ti_sysbios_rom_cortexm_cc26xx_CC26xx_getRevision__E                       
20000000  __start___llvm_prf_cnts                                                   
20000000  __stop___llvm_prf_cnts                                                    
20000000  ti_sysbios_family_arm_m3_Hwi_ramVectors                                   
20000100  ti_sysbios_knl_Task_Module__state__V                                      
20000144  ti_sysbios_family_arm_m3_Hwi_Module__state__V                             
20000178  ti_sysbios_knl_Clock_Module__state__V                                     
200001a4  ti_sysbios_BIOS_Module__state__V                                          
200001c8  ti_sysbios_knl_Swi_Module__state__V                                       
200001e4  ti_sysbios_family_arm_cc26xx_Timer_Module__state__V                       
200001ec  ti_sysbios_family_arm_cc26xx_TimestampProvider_Module__state__V           
200001f0  xdc_runtime_Startup_Module__state__V                                      
200001f8  xdc_runtime_System_Module__state__V                                       
20000200  xdc_runtime_Memory_Module__state__V                                       
20000208  buzzTaskStack                                                             
20000a08  mpuTaskStack                                                              
20001208  uartTaskStack                                                             
20001a08  ti_sysbios_heaps_HeapMem_Instance_State_0_buf__A                          
20001e08  ti_sysbios_knl_Task_Instance_State_0_stack__A                             
20002008  uartCC26XXObjects                                                         
20002134  __CIOBUF_                                                                 
20002254  i2cCC26xxObjects                                                          
20002334  ti_sysbios_family_arm_m3_Hwi_dispatchTable                                
200023fc  xdc_runtime_SysMin_Module_State_0_outbuf__A                               
2000247c  PIN_HandleTable                                                           
2000254c  uartCC26XXRingBuffer                                                      
200025a4  SelfTest                                                                  
20002618  parmbuf                                                                   
20002620  PIN_NumPins                                                               
20002624  aRes                                                                      
20002628  ax                                                                        
2000262c  ax_prev                                                                   
20002630  ax_sum                                                                    
20002634  ay                                                                        
20002638  ay_prev                                                                   
2000263c  ay_sum                                                                    
20002640  az                                                                        
20002644  az_prev                                                                   
20002648  gRes                                                                      
2000264c  gx                                                                        
20002650  gx_prev                                                                   
20002654  gy                                                                        
20002658  gy_prev                                                                   
2000265c  i2c                                                                       
20002664  driverlib_release_0_47020                                                 
20002668  PowerCC26XX_module                                                        
20002778  main_mode                                                                 
20002779  program_state                                                             
2000277c  gz                                                                        
20002780  timestamp                                                                 
20002784  az_sum                                                                    
20002788  gz_prev                                                                   
2000278c  ax_po                                                                     
20002790  ay_po                                                                     
20002794  az_po                                                                     
20002798  gx_po                                                                     
2000279c  gy_po                                                                     
200027a0  gz_po                                                                     
200027a4  ax_sum_po                                                                 
200027a8  ay_sum_po                                                                 
200027ac  az_sum_po                                                                 
200027b0  ax_prev_po                                                                
200027b4  ay_prev_po                                                                
200027b8  az_prev_po                                                                
200027bc  gx_prev_po                                                                
200027c0  gy_prev_po                                                                
200027c4  gz_prev_po                                                                
200027c8  ti_sysbios_knl_Task_Object__table__V                                      
20002818  ti_sysbios_family_arm_cc26xx_Timer_Object__table__V                       
20002860  ti_sysbios_gates_GateMutex_Object__table__V                               
20002898  ti_sysbios_knl_Swi_Module_State_0_readyQ__A                               
200028c8  ti_sysbios_knl_Swi_Object__table__V                                       
200028f8  ti_sysbios_knl_Clock_Object__table__V                                     
20002918  ti_sysbios_knl_Task_Module_State_0_readyQ__A                              
20002938  ti_sysbios_family_arm_m3_Hwi_Object__table__V                             
20002950  ti_sysbios_heaps_HeapMem_Object__table__V                                 
20002968  accelBias                                                                 
20002974  gyroBias                                                                  
20002980  xdc_runtime_SysMin_Module__state__V                                       
2000298c  uartBuffer                                                                
20002996  Gscale                                                                    
20002997  Ascale                                                                    
20002998  _lock                                                                     
2000299c  _unlock                                                                   
200029a8  buttonConfig                                                              
200029b0  buttonConfig_pwr                                                          
200029b8  cBuzzer                                                                   
200029c0  ti_sysbios_family_arm_m3_Hwi_Module__root__V                              
200029c8  ti_sysbios_gates_GateHwi_Module__root__V                                  
200029d0  ti_sysbios_gates_GateMutex_Module__root__V                                
200029d8  ti_sysbios_hal_Hwi_Module__root__V                                        
200029e0  ti_sysbios_heaps_HeapMem_Module__root__V                                  
200029e8  ti_sysbios_knl_Clock_Module__root__V                                      
200029f0  ti_sysbios_knl_Mailbox_Module__root__V                                    
200029f8  ti_sysbios_knl_Queue_Module__root__V                                      
20002a00  ti_sysbios_knl_Semaphore_Module__root__V                                  
20002a08  ti_sysbios_knl_Swi_Module__root__V                                        
20002a10  ti_sysbios_knl_Task_Module__root__V                                       
20002a18  xdc_runtime_Registry_Module__state__V                                     
20002a20  xdc_runtime_System_Module_State_0_atexitHandlers__A                       
20002a30  errno                                                                     
20002a34  main_func_sp                                                              
20002a38  ti_sysbios_family_arm_m3_Hwi_Module_State_0_excContext__A                 
20002a3c  ti_sysbios_family_arm_m3_Hwi_Module_State_0_excStack__A                   
20002a40  ti_sysbios_knl_Task_Module_State_0_idleTask__A                            
20002a44  ti_sysbios_family_arm_m3_Hwi_Module_State_0_excActive__A                  
20004d00  __stack                                                                   
20005000  __STACK_END                                                               
e000e000  ti_sysbios_family_arm_m3_Hwi_nvic                                         
ffffffff  __TI_pprof_out_hndl                                                       
ffffffff  __TI_prof_data_size                                                       
ffffffff  __TI_prof_data_start                                                      
ffffffff  __binit__                                                                 
ffffffff  __c_args__                                                                
ffffffff  binit                                                                     
UNDEFED   SHT$$INIT_ARRAY$$Base                                                     
UNDEFED   SHT$$INIT_ARRAY$$Limit                                                    

[880 symbols]
